Component: ARM Compiler 5.06 update 7 (build 960) Tool: armlink [4d3601]

==============================================================================

Section Cross References

    parte3.o(i.LCD_command) refers to parte3.o(i.LCD_nibble_write) for LCD_nibble_write
    parte3.o(i.LCD_command) refers to parte3.o(i.delayMs) for delayMs
    parte3.o(i.LCD_data) refers to parte3.o(i.LCD_nibble_write) for LCD_nibble_write
    parte3.o(i.LCD_data) refers to parte3.o(i.delayMs) for delayMs
    parte3.o(i.LCD_init) refers to parte3.o(i.delayMs) for delayMs
    parte3.o(i.LCD_init) refers to parte3.o(i.LCD_nibble_write) for LCD_nibble_write
    parte3.o(i.LCD_init) refers to parte3.o(i.LCD_command) for LCD_command
    parte3.o(i.LCD_nibble_write) refers to parte3.o(i.delayMs) for delayMs
    parte3.o(i.PORTA_IRQHandler) refers to parte3.o(i.writePause) for writePause
    parte3.o(i.PORTA_IRQHandler) refers to parte3.o(i.delayMs) for delayMs
    parte3.o(i.PORTA_IRQHandler) refers to parte3.o(i.keypad_getkey) for keypad_getkey
    parte3.o(i.PORTA_IRQHandler) refers to parte3.o(i.LCD_command) for LCD_command
    parte3.o(i.append) refers to strlen.o(.text) for strlen
    parte3.o(i.countdown) refers to parte3.o(i.writeTime) for writeTime
    parte3.o(i.countdown) refers to parte3.o(i.delayOneSec) for delayOneSec
    parte3.o(i.countdown) refers to parte3.o(i.LCD_command) for LCD_command
    parte3.o(i.getNumber) refers to parte3.o(i.writeSelectNum) for writeSelectNum
    parte3.o(i.getNumber) refers to parte3.o(i.delayMs) for delayMs
    parte3.o(i.getNumber) refers to parte3.o(i.keypad_getkey) for keypad_getkey
    parte3.o(i.getNumber) refers to parte3.o(i.append) for append
    parte3.o(i.getNumber) refers to strlen.o(.text) for strlen
    parte3.o(i.getNumber) refers to parte3.o(i.writeKey) for writeKey
    parte3.o(i.getNumber) refers to parte3.o(i.LCD_command) for LCD_command
    parte3.o(i.getNumber) refers to atoi.o(.text) for atoi
    parte3.o(i.kenobi) refers to parte3.o(i.LCD_command) for LCD_command
    parte3.o(i.kenobi) refers to parte3.o(i.delayMs) for delayMs
    parte3.o(i.kenobi) refers to parte3.o(i.LCD_data) for LCD_data
    parte3.o(i.keypad_getkey) refers to parte3.o(i.delayUs) for delayUs
    parte3.o(i.main) refers to parte3.o(i.clocksInit) for clocksInit
    parte3.o(i.main) refers to parte3.o(i.ledsInit) for ledsInit
    parte3.o(i.main) refers to parte3.o(i.keypad_init) for keypad_init
    parte3.o(i.main) refers to parte3.o(i.LCD_init) for LCD_init
    parte3.o(i.main) refers to parte3.o(i.inputPinsInit) for inputPinsInit
    parte3.o(i.main) refers to parte3.o(i.oli) for oli
    parte3.o(i.main) refers to parte3.o(i.delayMs) for delayMs
    parte3.o(i.main) refers to parte3.o(i.LCD_command) for LCD_command
    parte3.o(i.main) refers to parte3.o(i.getNumber) for getNumber
    parte3.o(i.main) refers to parte3.o(i.timerInit) for timerInit
    parte3.o(i.main) refers to parte3.o(i.countdown) for countdown
    parte3.o(i.oli) refers to parte3.o(i.LCD_command) for LCD_command
    parte3.o(i.oli) refers to parte3.o(i.delayMs) for delayMs
    parte3.o(i.oli) refers to parte3.o(i.LCD_data) for LCD_data
    parte3.o(i.writeKey) refers to parte3.o(i.LCD_command) for LCD_command
    parte3.o(i.writeKey) refers to parte3.o(i.delayMs) for delayMs
    parte3.o(i.writeKey) refers to parte3.o(i.LCD_data) for LCD_data
    parte3.o(i.writePause) refers to parte3.o(i.LCD_command) for LCD_command
    parte3.o(i.writePause) refers to parte3.o(i.delayMs) for delayMs
    parte3.o(i.writePause) refers to parte3.o(i.LCD_data) for LCD_data
    parte3.o(i.writeSelectNum) refers to parte3.o(i.LCD_command) for LCD_command
    parte3.o(i.writeSelectNum) refers to parte3.o(i.delayMs) for delayMs
    parte3.o(i.writeSelectNum) refers to parte3.o(i.LCD_data) for LCD_data
    parte3.o(i.writeTime) refers to _printf_percent.o(.ARM.Collect$$_printf_percent$$00000000) for _printf_percent
    parte3.o(i.writeTime) refers to _printf_d.o(.ARM.Collect$$_printf_percent$$00000009) for _printf_d
    parte3.o(i.writeTime) refers to _printf_dec.o(.text) for _printf_int_dec
    parte3.o(i.writeTime) refers to noretval__2sprintf.o(.text) for __2sprintf
    parte3.o(i.writeTime) refers to strlen.o(.text) for strlen
    parte3.o(i.writeTime) refers to parte3.o(i.LCD_command) for LCD_command
    parte3.o(i.writeTime) refers to parte3.o(i.delayMs) for delayMs
    parte3.o(i.writeTime) refers to parte3.o(i.LCD_data) for LCD_data
    startup_mkl25z4.o(STACK) refers (Special) to heapauxi.o(.text) for __use_two_region_memory
    startup_mkl25z4.o(HEAP) refers (Special) to heapauxi.o(.text) for __use_two_region_memory
    startup_mkl25z4.o(RESET) refers (Special) to heapauxi.o(.text) for __use_two_region_memory
    startup_mkl25z4.o(RESET) refers to startup_mkl25z4.o(STACK) for __initial_sp
    startup_mkl25z4.o(RESET) refers to startup_mkl25z4.o(.text) for Reset_Handler
    startup_mkl25z4.o(RESET) refers to parte3.o(i.PORTA_IRQHandler) for PORTA_IRQHandler
    startup_mkl25z4.o(.ARM.__at_0x400) refers (Special) to heapauxi.o(.text) for __use_two_region_memory
    startup_mkl25z4.o(.text) refers (Special) to heapauxi.o(.text) for __use_two_region_memory
    startup_mkl25z4.o(.text) refers to system_mkl25z4.o(i.SystemInit) for SystemInit
    startup_mkl25z4.o(.text) refers to __main.o(!!!main) for __main
    startup_mkl25z4.o(.text) refers to startup_mkl25z4.o(HEAP) for Heap_Mem
    startup_mkl25z4.o(.text) refers to startup_mkl25z4.o(STACK) for Stack_Mem
    system_mkl25z4.o(i.SystemCoreClockUpdate) refers to aeabi_sdiv.o(.text) for __aeabi_uidivmod
    system_mkl25z4.o(i.SystemCoreClockUpdate) refers to system_mkl25z4.o(i.__ARM_common_switch8) for __ARM_common_switch8
    system_mkl25z4.o(i.SystemCoreClockUpdate) refers to system_mkl25z4.o(.data) for SystemCoreClock
    __2sprintf.o(.text) refers to _printf_char_common.o(.text) for _printf_char_common
    __2sprintf.o(.text) refers to _sputc.o(.text) for _sputc
    noretval__2sprintf.o(.text) refers to _printf_char_common.o(.text) for _printf_char_common
    noretval__2sprintf.o(.text) refers to _sputc.o(.text) for _sputc
    __printf.o(.text) refers to _printf_percent.o(.ARM.Collect$$_printf_percent$$00000000) for _printf_percent
    _printf_dec.o(.text) refers to rtudiv10.o(.text) for __rt_udiv10
    _printf_dec.o(.text) refers to _printf_intcommon.o(.text) for _printf_int_common
    __printf_flags.o(.text) refers to _printf_percent.o(.ARM.Collect$$_printf_percent$$00000000) for _printf_percent
    __printf_flags.o(.text) refers to __printf_flags.o(.constdata) for .constdata
    __printf_ss.o(.text) refers to _printf_percent.o(.ARM.Collect$$_printf_percent$$00000000) for _printf_percent
    __printf_flags_ss.o(.text) refers to _printf_percent.o(.ARM.Collect$$_printf_percent$$00000000) for _printf_percent
    __printf_flags_ss.o(.text) refers to __printf_flags_ss.o(.constdata) for .constdata
    __printf_wp.o(.text) refers to __printf_wp.o(i._is_digit) for _is_digit
    __printf_wp.o(.text) refers to _printf_percent.o(.ARM.Collect$$_printf_percent$$00000000) for _printf_percent
    __printf_flags_wp.o(.text) refers to __printf_wp.o(i._is_digit) for _is_digit
    __printf_flags_wp.o(.text) refers to _printf_percent.o(.ARM.Collect$$_printf_percent$$00000000) for _printf_percent
    __printf_flags_wp.o(.text) refers to __printf_flags_wp.o(.constdata) for .constdata
    __printf_ss_wp.o(.text) refers to __printf_wp.o(i._is_digit) for _is_digit
    __printf_ss_wp.o(.text) refers to _printf_percent.o(.ARM.Collect$$_printf_percent$$00000000) for _printf_percent
    __printf_flags_ss_wp.o(.text) refers to __printf_wp.o(i._is_digit) for _is_digit
    __printf_flags_ss_wp.o(.text) refers to _printf_percent.o(.ARM.Collect$$_printf_percent$$00000000) for _printf_percent
    __printf_flags_ss_wp.o(.text) refers to __printf_flags_ss_wp.o(.constdata) for .constdata
    _printf_d.o(.ARM.Collect$$_printf_percent$$00000009) refers (Weak) to _printf_dec.o(.text) for _printf_int_dec
    _printf_percent.o(.ARM.Collect$$_printf_percent$$00000000) refers (Special) to _printf_percent_end.o(.ARM.Collect$$_printf_percent$$00000017) for _printf_percent_end
    atoi.o(.text) refers to rt_errno_addr_intlibspace.o(.text) for __aeabi_errno_addr
    atoi.o(.text) refers to strtol.o(.text) for strtol
    __main.o(!!!main) refers to __rtentry.o(.ARM.Collect$$rtentry$$00000000) for __rt_entry
    __rtentry.o(.ARM.Collect$$rtentry$$00000000) refers (Special) to __rtentry2.o(.ARM.Collect$$rtentry$$0000000A) for __rt_entry_li
    __rtentry.o(.ARM.Collect$$rtentry$$00000000) refers (Special) to __rtentry2.o(.ARM.Collect$$rtentry$$0000000D) for __rt_entry_main
    __rtentry.o(.ARM.Collect$$rtentry$$00000000) refers (Special) to __rtentry2.o(.ARM.Collect$$rtentry$$0000000C) for __rt_entry_postli_1
    __rtentry.o(.ARM.Collect$$rtentry$$00000000) refers (Special) to __rtentry2.o(.ARM.Collect$$rtentry$$00000009) for __rt_entry_postsh_1
    __rtentry.o(.ARM.Collect$$rtentry$$00000000) refers (Special) to __rtentry2.o(.ARM.Collect$$rtentry$$00000002) for __rt_entry_presh_1
    __rtentry.o(.ARM.Collect$$rtentry$$00000000) refers (Special) to __rtentry4.o(.ARM.Collect$$rtentry$$00000004) for __rt_entry_sh
    aeabi_idiv0_sigfpe.o(.text) refers to rt_div0.o(.text) for __rt_div0
    rt_errno_addr.o(.text) refers to rt_errno_addr.o(.bss) for __aeabi_errno_addr_data
    rt_errno_addr_intlibspace.o(.text) refers to libspace.o(.bss) for __libspace_start
    _printf_char_common.o(.text) refers to __printf.o(.text) for __printf
    strtol.o(.text) refers to rt_ctype_table.o(.text) for __rt_ctype_table
    strtol.o(.text) refers to _strtoul.o(.text) for _strtoul
    strtol.o(.text) refers to rt_errno_addr_intlibspace.o(.text) for __aeabi_errno_addr
    libspace.o(.text) refers to libspace.o(.bss) for __libspace_start
    __rtentry2.o(.ARM.Collect$$rtentry$$00000008) refers to boardinit2.o(.text) for _platform_post_stackheap_init
    __rtentry2.o(.ARM.Collect$$rtentry$$0000000A) refers to libinit.o(.ARM.Collect$$libinit$$00000000) for __rt_lib_init
    __rtentry2.o(.ARM.Collect$$rtentry$$0000000B) refers to boardinit3.o(.text) for _platform_post_lib_init
    __rtentry2.o(.ARM.Collect$$rtentry$$0000000D) refers to parte3.o(i.main) for main
    __rtentry2.o(.ARM.Collect$$rtentry$$0000000D) refers to exit.o(.text) for exit
    __rtentry2.o(.ARM.exidx) refers to __rtentry2.o(.ARM.Collect$$rtentry$$00000001) for .ARM.Collect$$rtentry$$00000001
    __rtentry2.o(.ARM.exidx) refers to __rtentry2.o(.ARM.Collect$$rtentry$$00000008) for .ARM.Collect$$rtentry$$00000008
    __rtentry2.o(.ARM.exidx) refers to __rtentry2.o(.ARM.Collect$$rtentry$$0000000A) for .ARM.Collect$$rtentry$$0000000A
    __rtentry2.o(.ARM.exidx) refers to __rtentry2.o(.ARM.Collect$$rtentry$$0000000B) for .ARM.Collect$$rtentry$$0000000B
    __rtentry2.o(.ARM.exidx) refers to __rtentry2.o(.ARM.Collect$$rtentry$$0000000D) for .ARM.Collect$$rtentry$$0000000D
    __rtentry4.o(.ARM.Collect$$rtentry$$00000004) refers to sys_stackheap_outer.o(.text) for __user_setup_stackheap
    __rtentry4.o(.ARM.exidx) refers to __rtentry4.o(.ARM.Collect$$rtentry$$00000004) for .ARM.Collect$$rtentry$$00000004
    rt_ctype_table.o(.text) refers to rt_locale_intlibspace.o(.text) for __rt_locale
    rt_ctype_table.o(.text) refers to lc_ctype_c.o(locale$$code) for _get_lc_ctype
    rt_div0.o(.text) refers to defsig_fpe_outer.o(.text) for __rt_SIGFPE
    _strtoul.o(.text) refers to _chval.o(.text) for _chval
    _strtoul.o(.text) refers to rt_errno_addr_intlibspace.o(.text) for __aeabi_errno_addr
    sys_stackheap_outer.o(.text) refers to libspace.o(.text) for __user_perproc_libspace
    sys_stackheap_outer.o(.text) refers to startup_mkl25z4.o(.text) for __user_initial_stackheap
    sys_stackheap_outer.o(__vectab_stack_and_reset_area) refers to tempstk.o(.text) for __temporary_stack_top
    sys_stackheap_outer.o(__vectab_stack_and_reset_area) refers to __main.o(!!!main) for __main
    rt_locale.o(.text) refers to rt_locale.o(.bss) for __rt_locale_data
    rt_locale_intlibspace.o(.text) refers to libspace.o(.bss) for __libspace_start
    lc_ctype_c.o(locale$$data) refers (Special) to libinit2.o(.ARM.Collect$$libinit$$00000012) for __rt_lib_init_lc_ctype_2
    lc_ctype_c.o(locale$$code) refers (Special) to libinit2.o(.ARM.Collect$$libinit$$00000012) for __rt_lib_init_lc_ctype_2
    lc_ctype_c.o(locale$$code) refers to strcmp.o(.text) for strcmp
    lc_ctype_c.o(locale$$code) refers to lc_ctype_c.o(locale$$data) for __lcctype_c_name
    exit.o(.text) refers to rtexit.o(.ARM.Collect$$rtexit$$00000000) for __rt_exit
    defsig_fpe_outer.o(.text) refers to defsig_fpe_inner.o(.text) for __rt_SIGFPE_inner
    defsig_fpe_outer.o(.text) refers to defsig_exit.o(.text) for __sig_exit
    defsig_fpe_formal.o(.text) refers to rt_raise.o(.text) for __rt_raise
    libinit.o(.ARM.Collect$$libinit$$00000000) refers (Special) to libinit2.o(.ARM.Collect$$libinit$$0000002E) for __rt_lib_init_alloca_1
    libinit.o(.ARM.Collect$$libinit$$00000000) refers (Special) to libinit2.o(.ARM.Collect$$libinit$$0000002C) for __rt_lib_init_argv_1
    libinit.o(.ARM.Collect$$libinit$$00000000) refers (Special) to libinit2.o(.ARM.Collect$$libinit$$0000001B) for __rt_lib_init_atexit_1
    libinit.o(.ARM.Collect$$libinit$$00000000) refers (Special) to libinit2.o(.ARM.Collect$$libinit$$00000021) for __rt_lib_init_clock_1
    libinit.o(.ARM.Collect$$libinit$$00000000) refers (Special) to libinit2.o(.ARM.Collect$$libinit$$00000032) for __rt_lib_init_cpp_1
    libinit.o(.ARM.Collect$$libinit$$00000000) refers (Special) to libinit2.o(.ARM.Collect$$libinit$$00000030) for __rt_lib_init_exceptions_1
    libinit.o(.ARM.Collect$$libinit$$00000000) refers (Special) to libinit2.o(.ARM.Collect$$libinit$$00000002) for __rt_lib_init_fp_1
    libinit.o(.ARM.Collect$$libinit$$00000000) refers (Special) to libinit2.o(.ARM.Collect$$libinit$$0000001F) for __rt_lib_init_fp_trap_1
    libinit.o(.ARM.Collect$$libinit$$00000000) refers (Special) to libinit2.o(.ARM.Collect$$libinit$$00000023) for __rt_lib_init_getenv_1
    libinit.o(.ARM.Collect$$libinit$$00000000) refers (Special) to libinit2.o(.ARM.Collect$$libinit$$0000000A) for __rt_lib_init_heap_1
    libinit.o(.ARM.Collect$$libinit$$00000000) refers (Special) to libinit2.o(.ARM.Collect$$libinit$$00000011) for __rt_lib_init_lc_collate_1
    libinit.o(.ARM.Collect$$libinit$$00000000) refers (Special) to libinit2.o(.ARM.Collect$$libinit$$00000013) for __rt_lib_init_lc_ctype_1
    libinit.o(.ARM.Collect$$libinit$$00000000) refers (Special) to libinit2.o(.ARM.Collect$$libinit$$00000015) for __rt_lib_init_lc_monetary_1
    libinit.o(.ARM.Collect$$libinit$$00000000) refers (Special) to libinit2.o(.ARM.Collect$$libinit$$00000017) for __rt_lib_init_lc_numeric_1
    libinit.o(.ARM.Collect$$libinit$$00000000) refers (Special) to libinit2.o(.ARM.Collect$$libinit$$00000019) for __rt_lib_init_lc_time_1
    libinit.o(.ARM.Collect$$libinit$$00000000) refers (Special) to libinit2.o(.ARM.Collect$$libinit$$00000004) for __rt_lib_init_preinit_1
    libinit.o(.ARM.Collect$$libinit$$00000000) refers (Special) to libinit2.o(.ARM.Collect$$libinit$$0000000E) for __rt_lib_init_rand_1
    libinit.o(.ARM.Collect$$libinit$$00000000) refers (Special) to libinit2.o(.ARM.Collect$$libinit$$00000033) for __rt_lib_init_return
    libinit.o(.ARM.Collect$$libinit$$00000000) refers (Special) to libinit2.o(.ARM.Collect$$libinit$$0000001D) for __rt_lib_init_signal_1
    libinit.o(.ARM.Collect$$libinit$$00000000) refers (Special) to libinit2.o(.ARM.Collect$$libinit$$00000025) for __rt_lib_init_stdio_1
    libinit.o(.ARM.Collect$$libinit$$00000000) refers (Special) to libinit2.o(.ARM.Collect$$libinit$$0000000C) for __rt_lib_init_user_alloc_1
    rtexit.o(.ARM.Collect$$rtexit$$00000000) refers (Special) to rtexit2.o(.ARM.Collect$$rtexit$$00000004) for __rt_exit_exit
    rtexit.o(.ARM.Collect$$rtexit$$00000000) refers (Special) to rtexit2.o(.ARM.Collect$$rtexit$$00000003) for __rt_exit_ls
    rtexit.o(.ARM.Collect$$rtexit$$00000000) refers (Special) to rtexit2.o(.ARM.Collect$$rtexit$$00000002) for __rt_exit_prels_1
    rtexit.o(.ARM.exidx) refers (Special) to rtexit2.o(.ARM.Collect$$rtexit$$00000004) for __rt_exit_exit
    rtexit.o(.ARM.exidx) refers (Special) to rtexit2.o(.ARM.Collect$$rtexit$$00000003) for __rt_exit_ls
    rtexit.o(.ARM.exidx) refers (Special) to rtexit2.o(.ARM.Collect$$rtexit$$00000002) for __rt_exit_prels_1
    rtexit.o(.ARM.exidx) refers to rtexit.o(.ARM.Collect$$rtexit$$00000000) for .ARM.Collect$$rtexit$$00000000
    rt_raise.o(.text) refers to __raise.o(.text) for __raise
    rt_raise.o(.text) refers to sys_exit.o(.text) for _sys_exit
    defsig_exit.o(.text) refers to sys_exit.o(.text) for _sys_exit
    defsig_fpe_inner.o(.text) refers to defsig_general.o(.text) for __default_signal_display
    libinit2.o(.ARM.Collect$$libinit$$0000000F) refers (Weak) to rt_locale_intlibspace.o(.text) for __rt_locale
    libinit2.o(.ARM.Collect$$libinit$$00000010) refers to libinit2.o(.ARM.Collect$$libinit$$0000000F) for .ARM.Collect$$libinit$$0000000F
    libinit2.o(.ARM.Collect$$libinit$$00000012) refers to libinit2.o(.ARM.Collect$$libinit$$0000000F) for .ARM.Collect$$libinit$$0000000F
    libinit2.o(.ARM.Collect$$libinit$$00000012) refers (Weak) to lc_ctype_c.o(locale$$code) for _get_lc_ctype
    libinit2.o(.ARM.Collect$$libinit$$00000014) refers to libinit2.o(.ARM.Collect$$libinit$$0000000F) for .ARM.Collect$$libinit$$0000000F
    libinit2.o(.ARM.Collect$$libinit$$00000016) refers to libinit2.o(.ARM.Collect$$libinit$$0000000F) for .ARM.Collect$$libinit$$0000000F
    libinit2.o(.ARM.Collect$$libinit$$00000018) refers to libinit2.o(.ARM.Collect$$libinit$$0000000F) for .ARM.Collect$$libinit$$0000000F
    libinit2.o(.ARM.Collect$$libinit$$00000026) refers to argv_veneer.o(.text) for __ARM_argv_veneer
    libinit2.o(.ARM.Collect$$libinit$$00000027) refers to argv_veneer.o(.text) for __ARM_argv_veneer
    sys_exit.o(.text) refers (Special) to use_no_semi.o(.text) for __I$use$semihosting
    sys_exit.o(.text) refers (Special) to indicate_semi.o(.text) for __semihosting_library_function
    rtexit2.o(.ARM.Collect$$rtexit$$00000003) refers to libshutdown.o(.ARM.Collect$$libshutdown$$00000000) for __rt_lib_shutdown
    rtexit2.o(.ARM.Collect$$rtexit$$00000004) refers to sys_exit.o(.text) for _sys_exit
    rtexit2.o(.ARM.exidx) refers to rtexit2.o(.ARM.Collect$$rtexit$$00000001) for .ARM.Collect$$rtexit$$00000001
    rtexit2.o(.ARM.exidx) refers to rtexit2.o(.ARM.Collect$$rtexit$$00000003) for .ARM.Collect$$rtexit$$00000003
    rtexit2.o(.ARM.exidx) refers to rtexit2.o(.ARM.Collect$$rtexit$$00000004) for .ARM.Collect$$rtexit$$00000004
    __raise.o(.text) refers to defsig.o(CL$$defsig) for __default_signal_handler
    defsig_general.o(.text) refers to sys_wrch.o(.text) for _ttywrch
    sys_wrch.o(.text) refers (Special) to use_no_semi.o(.text) for __I$use$semihosting
    sys_wrch.o(.text) refers (Special) to indicate_semi.o(.text) for __semihosting_library_function
    defsig.o(CL$$defsig) refers to defsig_fpe_inner.o(.text) for __rt_SIGFPE_inner
    defsig.o(CL$$defsig) refers to defsig_rtmem_inner.o(.text) for __rt_SIGRTMEM_inner
    _get_argv_nomalloc.o(.text) refers (Special) to hrguard.o(.text) for __heap_region$guard
    _get_argv_nomalloc.o(.text) refers to defsig_rtmem_outer.o(.text) for __rt_SIGRTMEM
    _get_argv_nomalloc.o(.text) refers to sys_command.o(.text) for _sys_command_string
    libshutdown.o(.ARM.Collect$$libshutdown$$00000000) refers (Special) to libshutdown2.o(.ARM.Collect$$libshutdown$$00000004) for __rt_lib_shutdown_cpp_1
    libshutdown.o(.ARM.Collect$$libshutdown$$00000000) refers (Special) to libshutdown2.o(.ARM.Collect$$libshutdown$$00000002) for __rt_lib_shutdown_fini_1
    libshutdown.o(.ARM.Collect$$libshutdown$$00000000) refers (Special) to libshutdown2.o(.ARM.Collect$$libshutdown$$00000009) for __rt_lib_shutdown_fp_trap_1
    libshutdown.o(.ARM.Collect$$libshutdown$$00000000) refers (Special) to libshutdown2.o(.ARM.Collect$$libshutdown$$00000011) for __rt_lib_shutdown_heap_1
    libshutdown.o(.ARM.Collect$$libshutdown$$00000000) refers (Special) to libshutdown2.o(.ARM.Collect$$libshutdown$$00000012) for __rt_lib_shutdown_return
    libshutdown.o(.ARM.Collect$$libshutdown$$00000000) refers (Special) to libshutdown2.o(.ARM.Collect$$libshutdown$$0000000C) for __rt_lib_shutdown_signal_1
    libshutdown.o(.ARM.Collect$$libshutdown$$00000000) refers (Special) to libshutdown2.o(.ARM.Collect$$libshutdown$$00000006) for __rt_lib_shutdown_stdio_1
    libshutdown.o(.ARM.Collect$$libshutdown$$00000000) refers (Special) to libshutdown2.o(.ARM.Collect$$libshutdown$$0000000E) for __rt_lib_shutdown_user_alloc_1
    sys_command.o(.text) refers (Special) to use_no_semi.o(.text) for __I$use$semihosting
    sys_command.o(.text) refers (Special) to indicate_semi.o(.text) for __semihosting_library_function
    defsig_abrt_inner.o(.text) refers to defsig_general.o(.text) for __default_signal_display
    defsig_rtred_inner.o(.text) refers to defsig_general.o(.text) for __default_signal_display
    defsig_rtmem_inner.o(.text) refers to defsig_general.o(.text) for __default_signal_display
    defsig_rtmem_outer.o(.text) refers to defsig_rtmem_inner.o(.text) for __rt_SIGRTMEM_inner
    defsig_rtmem_outer.o(.text) refers to defsig_exit.o(.text) for __sig_exit
    defsig_rtmem_formal.o(.text) refers to rt_raise.o(.text) for __rt_raise
    defsig_stak_inner.o(.text) refers to defsig_general.o(.text) for __default_signal_display
    defsig_pvfn_inner.o(.text) refers to defsig_general.o(.text) for __default_signal_display
    defsig_cppl_inner.o(.text) refers to defsig_general.o(.text) for __default_signal_display
    defsig_segv_inner.o(.text) refers to defsig_general.o(.text) for __default_signal_display
    defsig_other.o(.text) refers to defsig_general.o(.text) for __default_signal_display


==============================================================================

Removing Unused input sections from the image.

    Removing parte3.o(.rev16_text), (4 bytes).
    Removing parte3.o(.revsh_text), (4 bytes).
    Removing parte3.o(i.kenobi), (114 bytes).
    Removing system_mkl25z4.o(.rev16_text), (4 bytes).
    Removing system_mkl25z4.o(.revsh_text), (4 bytes).
    Removing system_mkl25z4.o(i.SystemCoreClockUpdate), (400 bytes).
    Removing system_mkl25z4.o(.data), (4 bytes).
    Removing system_mkl25z4.o(i.__ARM_common_switch8), (28 bytes).

8 unused section(s) (total 562 bytes) removed from the image.

==============================================================================

Image Symbol Table

    Local Symbols

    Symbol Name                              Value     Ov Type        Size  Object(Section)

    RESET                                    0x00000000   Section      192  startup_mkl25z4.o(RESET)
    ../clib/angel/boardlib.s                 0x00000000   Number         0  boardinit1.o ABSOLUTE
    ../clib/angel/boardlib.s                 0x00000000   Number         0  boardinit3.o ABSOLUTE
    ../clib/angel/boardlib.s                 0x00000000   Number         0  boardinit2.o ABSOLUTE
    ../clib/angel/boardlib.s                 0x00000000   Number         0  boardshut.o ABSOLUTE
    ../clib/angel/handlers.s                 0x00000000   Number         0  __scatter_zi.o ABSOLUTE
    ../clib/angel/kernel.s                   0x00000000   Number         0  __rtentry4.o ABSOLUTE
    ../clib/angel/kernel.s                   0x00000000   Number         0  __rtentry.o ABSOLUTE
    ../clib/angel/kernel.s                   0x00000000   Number         0  __rtentry2.o ABSOLUTE
    ../clib/angel/kernel.s                   0x00000000   Number         0  rtexit2.o ABSOLUTE
    ../clib/angel/kernel.s                   0x00000000   Number         0  rtexit.o ABSOLUTE
    ../clib/angel/rt.s                       0x00000000   Number         0  rt_errno_addr_intlibspace.o ABSOLUTE
    ../clib/angel/rt.s                       0x00000000   Number         0  rt_errno_addr.o ABSOLUTE
    ../clib/angel/rt.s                       0x00000000   Number         0  aeabi_idiv0_sigfpe.o ABSOLUTE
    ../clib/angel/rt.s                       0x00000000   Number         0  aeabi_idiv0.o ABSOLUTE
    ../clib/angel/rt.s                       0x00000000   Number         0  rt_locale_intlibspace.o ABSOLUTE
    ../clib/angel/rt.s                       0x00000000   Number         0  rt_locale.o ABSOLUTE
    ../clib/angel/rt.s                       0x00000000   Number         0  rt_ctype_table.o ABSOLUTE
    ../clib/angel/rt.s                       0x00000000   Number         0  rt_div0.o ABSOLUTE
    ../clib/angel/rt.s                       0x00000000   Number         0  rt_raise.o ABSOLUTE
    ../clib/angel/scatterp.s                 0x00000000   Number         0  __scatter.o ABSOLUTE
    ../clib/angel/startup.s                  0x00000000   Number         0  __main.o ABSOLUTE
    ../clib/angel/sys.s                      0x00000000   Number         0  libspace.o ABSOLUTE
    ../clib/angel/sys.s                      0x00000000   Number         0  indicate_semi.o ABSOLUTE
    ../clib/angel/sys.s                      0x00000000   Number         0  use_no_semi.o ABSOLUTE
    ../clib/angel/sys.s                      0x00000000   Number         0  tempstk.o ABSOLUTE
    ../clib/angel/sys.s                      0x00000000   Number         0  sys_stackheap_outer.o ABSOLUTE
    ../clib/angel/sysapp.c                   0x00000000   Number         0  sys_exit.o ABSOLUTE
    ../clib/angel/sysapp.c                   0x00000000   Number         0  sys_command.o ABSOLUTE
    ../clib/angel/sysapp.c                   0x00000000   Number         0  sys_wrch.o ABSOLUTE
    ../clib/armsys.c                         0x00000000   Number         0  argv_veneer.o ABSOLUTE
    ../clib/armsys.c                         0x00000000   Number         0  no_argv.o ABSOLUTE
    ../clib/armsys.c                         0x00000000   Number         0  _get_argv_nomalloc.o ABSOLUTE
    ../clib/division.c                       0x00000000   Number         0  rtudiv10.o ABSOLUTE
    ../clib/division.s                       0x00000000   Number         0  aeabi_sdiv.o ABSOLUTE
    ../clib/division.s                       0x00000000   Number         0  aeabi_sdiv_div0.o ABSOLUTE
    ../clib/heapalloc.c                      0x00000000   Number         0  hrguard.o ABSOLUTE
    ../clib/heapaux.c                        0x00000000   Number         0  heapauxi.o ABSOLUTE
    ../clib/libinit.s                        0x00000000   Number         0  libshutdown2.o ABSOLUTE
    ../clib/libinit.s                        0x00000000   Number         0  libinit2.o ABSOLUTE
    ../clib/libinit.s                        0x00000000   Number         0  libinit.o ABSOLUTE
    ../clib/libinit.s                        0x00000000   Number         0  libshutdown.o ABSOLUTE
    ../clib/locale.s                         0x00000000   Number         0  lc_ctype_c.o ABSOLUTE
    ../clib/printf.c                         0x00000000   Number         0  __printf_flags_ss.o ABSOLUTE
    ../clib/printf.c                         0x00000000   Number         0  __printf_nopercent.o ABSOLUTE
    ../clib/printf.c                         0x00000000   Number         0  noretval__2sprintf.o ABSOLUTE
    ../clib/printf.c                         0x00000000   Number         0  __printf_flags.o ABSOLUTE
    ../clib/printf.c                         0x00000000   Number         0  __printf_ss.o ABSOLUTE
    ../clib/printf.c                         0x00000000   Number         0  _printf_char_common.o ABSOLUTE
    ../clib/printf.c                         0x00000000   Number         0  __printf_wp.o ABSOLUTE
    ../clib/printf.c                         0x00000000   Number         0  __printf_flags_wp.o ABSOLUTE
    ../clib/printf.c                         0x00000000   Number         0  __2sprintf.o ABSOLUTE
    ../clib/printf.c                         0x00000000   Number         0  __printf_flags_ss_wp.o ABSOLUTE
    ../clib/printf.c                         0x00000000   Number         0  _sputc.o ABSOLUTE
    ../clib/printf.c                         0x00000000   Number         0  _printf_dec.o ABSOLUTE
    ../clib/printf.c                         0x00000000   Number         0  __printf_ss_wp.o ABSOLUTE
    ../clib/printf.c                         0x00000000   Number         0  _printf_intcommon.o ABSOLUTE
    ../clib/printf.c                         0x00000000   Number         0  __printf.o ABSOLUTE
    ../clib/printf_percent.s                 0x00000000   Number         0  _printf_d.o ABSOLUTE
    ../clib/printf_percent.s                 0x00000000   Number         0  _printf_percent.o ABSOLUTE
    ../clib/printf_percent.s                 0x00000000   Number         0  _printf_percent_end.o ABSOLUTE
    ../clib/scanf.c                          0x00000000   Number         0  _strtoul.o ABSOLUTE
    ../clib/scanf.c                          0x00000000   Number         0  strtol.o ABSOLUTE
    ../clib/scanf.c                          0x00000000   Number         0  _chval.o ABSOLUTE
    ../clib/scanf.c                          0x00000000   Number         0  atoi.o ABSOLUTE
    ../clib/signal.c                         0x00000000   Number         0  defsig_fpe_outer.o ABSOLUTE
    ../clib/signal.c                         0x00000000   Number         0  defsig_fpe_formal.o ABSOLUTE
    ../clib/signal.c                         0x00000000   Number         0  defsig_general.o ABSOLUTE
    ../clib/signal.c                         0x00000000   Number         0  defsig_rtmem_formal.o ABSOLUTE
    ../clib/signal.c                         0x00000000   Number         0  defsig_stak_inner.o ABSOLUTE
    ../clib/signal.c                         0x00000000   Number         0  defsig_pvfn_inner.o ABSOLUTE
    ../clib/signal.c                         0x00000000   Number         0  defsig_cppl_inner.o ABSOLUTE
    ../clib/signal.c                         0x00000000   Number         0  defsig_fpe_inner.o ABSOLUTE
    ../clib/signal.c                         0x00000000   Number         0  defsig_rtred_inner.o ABSOLUTE
    ../clib/signal.c                         0x00000000   Number         0  defsig_exit.o ABSOLUTE
    ../clib/signal.c                         0x00000000   Number         0  defsig_abrt_inner.o ABSOLUTE
    ../clib/signal.c                         0x00000000   Number         0  defsig_segv_inner.o ABSOLUTE
    ../clib/signal.c                         0x00000000   Number         0  defsig_other.o ABSOLUTE
    ../clib/signal.c                         0x00000000   Number         0  defsig_rtmem_inner.o ABSOLUTE
    ../clib/signal.c                         0x00000000   Number         0  __raise.o ABSOLUTE
    ../clib/signal.c                         0x00000000   Number         0  defsig_rtmem_outer.o ABSOLUTE
    ../clib/signal.s                         0x00000000   Number         0  defsig.o ABSOLUTE
    ../clib/stdlib.c                         0x00000000   Number         0  exit.o ABSOLUTE
    ../clib/string.c                         0x00000000   Number         0  strcmp.o ABSOLUTE
    ../clib/string.c                         0x00000000   Number         0  strlen.o ABSOLUTE
    ../fplib/cfplib/fpinit.c                 0x00000000   Number         0  fpinit.o ABSOLUTE
    RTE\Device\MKL25Z128xxx4\startup_MKL25Z4.s 0x00000000   Number         0  startup_mkl25z4.o ABSOLUTE
    RTE\Device\MKL25Z128xxx4\system_MKL25Z4.c 0x00000000   Number         0  system_mkl25z4.o ABSOLUTE
    RTE\\Device\\MKL25Z128xxx4\\system_MKL25Z4.c 0x00000000   Number         0  system_mkl25z4.o ABSOLUTE
    dc.s                                     0x00000000   Number         0  dc.o ABSOLUTE
    parte3.c                                 0x00000000   Number         0  parte3.o ABSOLUTE
    parte3.c                                 0x00000000   Number         0  parte3.o ABSOLUTE
    !!!main                                  0x000000c0   Section        8  __main.o(!!!main)
    !!!scatter                               0x000000c8   Section       60  __scatter.o(!!!scatter)
    !!handler_zi                             0x00000104   Section       28  __scatter_zi.o(!!handler_zi)
    .ARM.Collect$$_printf_percent$$00000000  0x00000120   Section        2  _printf_percent.o(.ARM.Collect$$_printf_percent$$00000000)
    .ARM.Collect$$_printf_percent$$00000009  0x00000122   Section       10  _printf_d.o(.ARM.Collect$$_printf_percent$$00000009)
    .ARM.Collect$$_printf_percent$$00000017  0x0000012c   Section        4  _printf_percent_end.o(.ARM.Collect$$_printf_percent$$00000017)
    .ARM.Collect$$libinit$$00000000          0x00000130   Section        2  libinit.o(.ARM.Collect$$libinit$$00000000)
    .ARM.Collect$$libinit$$00000002          0x00000132   Section        0  libinit2.o(.ARM.Collect$$libinit$$00000002)
    .ARM.Collect$$libinit$$00000004          0x00000132   Section        0  libinit2.o(.ARM.Collect$$libinit$$00000004)
    .ARM.Collect$$libinit$$0000000A          0x00000132   Section        0  libinit2.o(.ARM.Collect$$libinit$$0000000A)
    .ARM.Collect$$libinit$$0000000C          0x00000132   Section        0  libinit2.o(.ARM.Collect$$libinit$$0000000C)
    .ARM.Collect$$libinit$$0000000E          0x00000132   Section        0  libinit2.o(.ARM.Collect$$libinit$$0000000E)
    .ARM.Collect$$libinit$$0000000F          0x00000132   Section        6  libinit2.o(.ARM.Collect$$libinit$$0000000F)
    .ARM.Collect$$libinit$$00000011          0x00000138   Section        0  libinit2.o(.ARM.Collect$$libinit$$00000011)
    .ARM.Collect$$libinit$$00000012          0x00000138   Section       12  libinit2.o(.ARM.Collect$$libinit$$00000012)
    .ARM.Collect$$libinit$$00000013          0x00000144   Section        0  libinit2.o(.ARM.Collect$$libinit$$00000013)
    .ARM.Collect$$libinit$$00000015          0x00000144   Section        0  libinit2.o(.ARM.Collect$$libinit$$00000015)
    .ARM.Collect$$libinit$$00000017          0x00000144   Section        0  libinit2.o(.ARM.Collect$$libinit$$00000017)
    .ARM.Collect$$libinit$$00000019          0x00000144   Section        0  libinit2.o(.ARM.Collect$$libinit$$00000019)
    .ARM.Collect$$libinit$$0000001B          0x00000144   Section        0  libinit2.o(.ARM.Collect$$libinit$$0000001B)
    .ARM.Collect$$libinit$$0000001D          0x00000144   Section        0  libinit2.o(.ARM.Collect$$libinit$$0000001D)
    .ARM.Collect$$libinit$$0000001F          0x00000144   Section        0  libinit2.o(.ARM.Collect$$libinit$$0000001F)
    .ARM.Collect$$libinit$$00000021          0x00000144   Section        0  libinit2.o(.ARM.Collect$$libinit$$00000021)
    .ARM.Collect$$libinit$$00000023          0x00000144   Section        0  libinit2.o(.ARM.Collect$$libinit$$00000023)
    .ARM.Collect$$libinit$$00000025          0x00000144   Section        0  libinit2.o(.ARM.Collect$$libinit$$00000025)
    .ARM.Collect$$libinit$$0000002C          0x00000144   Section        0  libinit2.o(.ARM.Collect$$libinit$$0000002C)
    .ARM.Collect$$libinit$$0000002E          0x00000144   Section        0  libinit2.o(.ARM.Collect$$libinit$$0000002E)
    .ARM.Collect$$libinit$$00000030          0x00000144   Section        0  libinit2.o(.ARM.Collect$$libinit$$00000030)
    .ARM.Collect$$libinit$$00000032          0x00000144   Section        0  libinit2.o(.ARM.Collect$$libinit$$00000032)
    .ARM.Collect$$libinit$$00000033          0x00000144   Section        2  libinit2.o(.ARM.Collect$$libinit$$00000033)
    .ARM.Collect$$libshutdown$$00000000      0x00000146   Section        2  libshutdown.o(.ARM.Collect$$libshutdown$$00000000)
    .ARM.Collect$$libshutdown$$00000002      0x00000148   Section        0  libshutdown2.o(.ARM.Collect$$libshutdown$$00000002)
    .ARM.Collect$$libshutdown$$00000004      0x00000148   Section        0  libshutdown2.o(.ARM.Collect$$libshutdown$$00000004)
    .ARM.Collect$$libshutdown$$00000006      0x00000148   Section        0  libshutdown2.o(.ARM.Collect$$libshutdown$$00000006)
    .ARM.Collect$$libshutdown$$00000009      0x00000148   Section        0  libshutdown2.o(.ARM.Collect$$libshutdown$$00000009)
    .ARM.Collect$$libshutdown$$0000000C      0x00000148   Section        0  libshutdown2.o(.ARM.Collect$$libshutdown$$0000000C)
    .ARM.Collect$$libshutdown$$0000000E      0x00000148   Section        0  libshutdown2.o(.ARM.Collect$$libshutdown$$0000000E)
    .ARM.Collect$$libshutdown$$00000011      0x00000148   Section        0  libshutdown2.o(.ARM.Collect$$libshutdown$$00000011)
    .ARM.Collect$$libshutdown$$00000012      0x00000148   Section        2  libshutdown2.o(.ARM.Collect$$libshutdown$$00000012)
    .ARM.Collect$$rtentry$$00000000          0x0000014a   Section        0  __rtentry.o(.ARM.Collect$$rtentry$$00000000)
    .ARM.Collect$$rtentry$$00000002          0x0000014a   Section        0  __rtentry2.o(.ARM.Collect$$rtentry$$00000002)
    .ARM.Collect$$rtentry$$00000004          0x0000014a   Section        6  __rtentry4.o(.ARM.Collect$$rtentry$$00000004)
    .ARM.Collect$$rtentry$$00000009          0x00000150   Section        0  __rtentry2.o(.ARM.Collect$$rtentry$$00000009)
    .ARM.Collect$$rtentry$$0000000A          0x00000150   Section        4  __rtentry2.o(.ARM.Collect$$rtentry$$0000000A)
    .ARM.Collect$$rtentry$$0000000C          0x00000154   Section        0  __rtentry2.o(.ARM.Collect$$rtentry$$0000000C)
    .ARM.Collect$$rtentry$$0000000D          0x00000154   Section        8  __rtentry2.o(.ARM.Collect$$rtentry$$0000000D)
    .ARM.Collect$$rtexit$$00000000           0x0000015c   Section        2  rtexit.o(.ARM.Collect$$rtexit$$00000000)
    .ARM.Collect$$rtexit$$00000002           0x0000015e   Section        0  rtexit2.o(.ARM.Collect$$rtexit$$00000002)
    .ARM.Collect$$rtexit$$00000003           0x0000015e   Section        4  rtexit2.o(.ARM.Collect$$rtexit$$00000003)
    .ARM.Collect$$rtexit$$00000004           0x00000162   Section        6  rtexit2.o(.ARM.Collect$$rtexit$$00000004)
    .text                                    0x00000168   Section       64  startup_mkl25z4.o(.text)
    .text                                    0x000001a8   Section        0  noretval__2sprintf.o(.text)
    .text                                    0x000001d0   Section        0  __printf.o(.text)
    .text                                    0x0000023c   Section        0  _printf_dec.o(.text)
    .text                                    0x000002a8   Section        0  atoi.o(.text)
    .text                                    0x000002c4   Section        0  strlen.o(.text)
    .text                                    0x00000308   Section        0  heapauxi.o(.text)
    .text                                    0x00000310   Section        8  rt_errno_addr_intlibspace.o(.text)
    .text                                    0x00000318   Section        0  _printf_intcommon.o(.text)
    .text                                    0x000003c8   Section        0  _printf_char_common.o(.text)
    _printf_input_char                       0x000003c9   Thumb Code    10  _printf_char_common.o(.text)
    .text                                    0x000003f8   Section        8  libspace.o(.text)
    .ARM.__at_0x400                          0x00000400   Section       16  startup_mkl25z4.o(.ARM.__at_0x400)
    .text                                    0x00000410   Section        0  _sputc.o(.text)
    .text                                    0x0000041c   Section        0  strtol.o(.text)
    .text                                    0x0000048c   Section        0  rtudiv10.o(.text)
    .text                                    0x000004b4   Section       16  rt_ctype_table.o(.text)
    .text                                    0x000004c4   Section        0  _strtoul.o(.text)
    .text                                    0x0000056a   Section       62  sys_stackheap_outer.o(.text)
    .text                                    0x000005a8   Section        8  rt_locale_intlibspace.o(.text)
    .text                                    0x000005b0   Section        0  _chval.o(.text)
    .text                                    0x000005ce   Section        0  exit.o(.text)
    .text                                    0x000005e0   Section        0  strcmp.o(.text)
    .text                                    0x00000668   Section        0  sys_exit.o(.text)
    .text                                    0x00000674   Section        2  use_no_semi.o(.text)
    .text                                    0x00000676   Section        0  indicate_semi.o(.text)
    i.LCD_command                            0x00000676   Section        0  parte3.o(i.LCD_command)
    i.LCD_data                               0x000006a4   Section        0  parte3.o(i.LCD_data)
    i.LCD_init                               0x000006c8   Section        0  parte3.o(i.LCD_init)
    i.LCD_nibble_write                       0x00000734   Section        0  parte3.o(i.LCD_nibble_write)
    i.PORTA_IRQHandler                       0x00000778   Section        0  parte3.o(i.PORTA_IRQHandler)
    i.SystemInit                             0x000007a4   Section        0  system_mkl25z4.o(i.SystemInit)
    i.append                                 0x000007b0   Section        0  parte3.o(i.append)
    i.clocksInit                             0x000007c8   Section        0  parte3.o(i.clocksInit)
    i.countdown                              0x000007e8   Section        0  parte3.o(i.countdown)
    i.delayMs                                0x00000808   Section        0  parte3.o(i.delayMs)
    i.delayOneSec                            0x00000824   Section        0  parte3.o(i.delayOneSec)
    i.delayUs                                0x00000848   Section        0  parte3.o(i.delayUs)
    i.getNumber                              0x00000862   Section        0  parte3.o(i.getNumber)
    i.inputPinsInit                          0x000008bc   Section        0  parte3.o(i.inputPinsInit)
    i.keypad_getkey                          0x00000944   Section        0  parte3.o(i.keypad_getkey)
    i.keypad_init                            0x00000a88   Section        0  parte3.o(i.keypad_init)
    i.ledsInit                               0x00000ac0   Section        0  parte3.o(i.ledsInit)
    i.main                                   0x00000b0c   Section        0  parte3.o(i.main)
    i.oli                                    0x00000b70   Section        0  parte3.o(i.oli)
    i.timerInit                              0x00000bd0   Section        0  parte3.o(i.timerInit)
    i.writeKey                               0x00000c20   Section        0  parte3.o(i.writeKey)
    i.writePause                             0x00000c76   Section        0  parte3.o(i.writePause)
    i.writeSelectNum                         0x00000cb2   Section        0  parte3.o(i.writeSelectNum)
    i.writeTime                              0x00000d2c   Section        0  parte3.o(i.writeTime)
    locale$$code                             0x00000dc8   Section       44  lc_ctype_c.o(locale$$code)
    locale$$data                             0x00000e04   Section      272  lc_ctype_c.o(locale$$data)
    __lcctype_c_name                         0x00000e08   Data           2  lc_ctype_c.o(locale$$data)
    __lcctype_c_start                        0x00000e10   Data           0  lc_ctype_c.o(locale$$data)
    __lcctype_c_end                          0x00000f14   Data           0  lc_ctype_c.o(locale$$data)
    .bss                                     0x1ffff000   Section       96  libspace.o(.bss)
    HEAP                                     0x1ffff060   Section        0  startup_mkl25z4.o(HEAP)
    STACK                                    0x1ffff060   Section      256  startup_mkl25z4.o(STACK)
    Heap_Mem                                 0x1ffff060   Data           0  startup_mkl25z4.o(HEAP)
    Stack_Mem                                0x1ffff060   Data         256  startup_mkl25z4.o(STACK)
    __initial_sp                             0x1ffff160   Data           0  startup_mkl25z4.o(STACK)

    Global Symbols

    Symbol Name                              Value     Ov Type        Size  Object(Section)

    BuildAttributes$$THM_ISAv3M$S$PE$A:L22$X:L11$S22$IEEE1$IW$USESV6$~STKCKD$USESV7$~SHL$OSPACE$ROPI$EBA8$UX$STANDARDLIB$REQ8$PRES8$EABIv2 0x00000000   Number         0  anon$$obj.o ABSOLUTE
    __ARM_use_no_argv                        0x00000000   Number         0  parte3.o ABSOLUTE
    __Vectors                                0x00000000   Data           4  startup_mkl25z4.o(RESET)
    __ARM_exceptions_init                     - Undefined Weak Reference
    __alloca_initialize                       - Undefined Weak Reference
    __arm_fini_                               - Undefined Weak Reference
    __arm_preinit_                            - Undefined Weak Reference
    __cpp_initialize__aeabi_                  - Undefined Weak Reference
    __cxa_finalize                            - Undefined Weak Reference
    __sigvec_lookup                           - Undefined Weak Reference
    _atexit_init                              - Undefined Weak Reference
    _call_atexit_fns                          - Undefined Weak Reference
    _clock_init                               - Undefined Weak Reference
    _fp_trap_init                             - Undefined Weak Reference
    _fp_trap_shutdown                         - Undefined Weak Reference
    _get_lc_collate                           - Undefined Weak Reference
    _get_lc_monetary                          - Undefined Weak Reference
    _get_lc_numeric                           - Undefined Weak Reference
    _get_lc_time                              - Undefined Weak Reference
    _getenv_init                              - Undefined Weak Reference
    _handle_redirection                       - Undefined Weak Reference
    _init_alloc                               - Undefined Weak Reference
    _init_user_alloc                          - Undefined Weak Reference
    _initio                                   - Undefined Weak Reference
    _printf_post_padding                      - Undefined Weak Reference
    _printf_pre_padding                       - Undefined Weak Reference
    _printf_truncate_signed                   - Undefined Weak Reference
    _printf_truncate_unsigned                 - Undefined Weak Reference
    _rand_init                                - Undefined Weak Reference
    _signal_finish                            - Undefined Weak Reference
    _signal_init                              - Undefined Weak Reference
    _terminate_alloc                          - Undefined Weak Reference
    _terminate_user_alloc                     - Undefined Weak Reference
    _terminateio                              - Undefined Weak Reference
    __Vectors_End                            0x000000c0   Data           0  startup_mkl25z4.o(RESET)
    __Vectors_Size                           0x000000c0   Number         0  startup_mkl25z4.o ABSOLUTE
    __main                                   0x000000c1   Thumb Code     8  __main.o(!!!main)
    __scatterload                            0x000000c9   Thumb Code     0  __scatter.o(!!!scatter)
    __scatterload_rt2                        0x000000c9   Thumb Code    52  __scatter.o(!!!scatter)
    __scatterload_rt2_thumb_only             0x000000c9   Thumb Code     0  __scatter.o(!!!scatter)
    __scatterload_null                       0x000000d9   Thumb Code     0  __scatter.o(!!!scatter)
    __scatterload_zeroinit                   0x00000105   Thumb Code    28  __scatter_zi.o(!!handler_zi)
    _printf_percent                          0x00000121   Thumb Code     0  _printf_percent.o(.ARM.Collect$$_printf_percent$$00000000)
    _printf_d                                0x00000123   Thumb Code     0  _printf_d.o(.ARM.Collect$$_printf_percent$$00000009)
    _printf_percent_end                      0x0000012d   Thumb Code     0  _printf_percent_end.o(.ARM.Collect$$_printf_percent$$00000017)
    __rt_lib_init                            0x00000131   Thumb Code     0  libinit.o(.ARM.Collect$$libinit$$00000000)
    __rt_lib_init_fp_1                       0x00000133   Thumb Code     0  libinit2.o(.ARM.Collect$$libinit$$00000002)
    __rt_lib_init_heap_1                     0x00000133   Thumb Code     0  libinit2.o(.ARM.Collect$$libinit$$0000000A)
    __rt_lib_init_lc_common                  0x00000133   Thumb Code     0  libinit2.o(.ARM.Collect$$libinit$$0000000F)
    __rt_lib_init_preinit_1                  0x00000133   Thumb Code     0  libinit2.o(.ARM.Collect$$libinit$$00000004)
    __rt_lib_init_rand_1                     0x00000133   Thumb Code     0  libinit2.o(.ARM.Collect$$libinit$$0000000E)
    __rt_lib_init_user_alloc_1               0x00000133   Thumb Code     0  libinit2.o(.ARM.Collect$$libinit$$0000000C)
    __rt_lib_init_lc_collate_1               0x00000139   Thumb Code     0  libinit2.o(.ARM.Collect$$libinit$$00000011)
    __rt_lib_init_lc_ctype_2                 0x00000139   Thumb Code     0  libinit2.o(.ARM.Collect$$libinit$$00000012)
    __rt_lib_init_alloca_1                   0x00000145   Thumb Code     0  libinit2.o(.ARM.Collect$$libinit$$0000002E)
    __rt_lib_init_argv_1                     0x00000145   Thumb Code     0  libinit2.o(.ARM.Collect$$libinit$$0000002C)
    __rt_lib_init_atexit_1                   0x00000145   Thumb Code     0  libinit2.o(.ARM.Collect$$libinit$$0000001B)
    __rt_lib_init_clock_1                    0x00000145   Thumb Code     0  libinit2.o(.ARM.Collect$$libinit$$00000021)
    __rt_lib_init_cpp_1                      0x00000145   Thumb Code     0  libinit2.o(.ARM.Collect$$libinit$$00000032)
    __rt_lib_init_exceptions_1               0x00000145   Thumb Code     0  libinit2.o(.ARM.Collect$$libinit$$00000030)
    __rt_lib_init_fp_trap_1                  0x00000145   Thumb Code     0  libinit2.o(.ARM.Collect$$libinit$$0000001F)
    __rt_lib_init_getenv_1                   0x00000145   Thumb Code     0  libinit2.o(.ARM.Collect$$libinit$$00000023)
    __rt_lib_init_lc_ctype_1                 0x00000145   Thumb Code     0  libinit2.o(.ARM.Collect$$libinit$$00000013)
    __rt_lib_init_lc_monetary_1              0x00000145   Thumb Code     0  libinit2.o(.ARM.Collect$$libinit$$00000015)
    __rt_lib_init_lc_numeric_1               0x00000145   Thumb Code     0  libinit2.o(.ARM.Collect$$libinit$$00000017)
    __rt_lib_init_lc_time_1                  0x00000145   Thumb Code     0  libinit2.o(.ARM.Collect$$libinit$$00000019)
    __rt_lib_init_return                     0x00000145   Thumb Code     0  libinit2.o(.ARM.Collect$$libinit$$00000033)
    __rt_lib_init_signal_1                   0x00000145   Thumb Code     0  libinit2.o(.ARM.Collect$$libinit$$0000001D)
    __rt_lib_init_stdio_1                    0x00000145   Thumb Code     0  libinit2.o(.ARM.Collect$$libinit$$00000025)
    __rt_lib_shutdown                        0x00000147   Thumb Code     0  libshutdown.o(.ARM.Collect$$libshutdown$$00000000)
    __rt_lib_shutdown_cpp_1                  0x00000149   Thumb Code     0  libshutdown2.o(.ARM.Collect$$libshutdown$$00000004)
    __rt_lib_shutdown_fini_1                 0x00000149   Thumb Code     0  libshutdown2.o(.ARM.Collect$$libshutdown$$00000002)
    __rt_lib_shutdown_fp_trap_1              0x00000149   Thumb Code     0  libshutdown2.o(.ARM.Collect$$libshutdown$$00000009)
    __rt_lib_shutdown_heap_1                 0x00000149   Thumb Code     0  libshutdown2.o(.ARM.Collect$$libshutdown$$00000011)
    __rt_lib_shutdown_return                 0x00000149   Thumb Code     0  libshutdown2.o(.ARM.Collect$$libshutdown$$00000012)
    __rt_lib_shutdown_signal_1               0x00000149   Thumb Code     0  libshutdown2.o(.ARM.Collect$$libshutdown$$0000000C)
    __rt_lib_shutdown_stdio_1                0x00000149   Thumb Code     0  libshutdown2.o(.ARM.Collect$$libshutdown$$00000006)
    __rt_lib_shutdown_user_alloc_1           0x00000149   Thumb Code     0  libshutdown2.o(.ARM.Collect$$libshutdown$$0000000E)
    __rt_entry                               0x0000014b   Thumb Code     0  __rtentry.o(.ARM.Collect$$rtentry$$00000000)
    __rt_entry_presh_1                       0x0000014b   Thumb Code     0  __rtentry2.o(.ARM.Collect$$rtentry$$00000002)
    __rt_entry_sh                            0x0000014b   Thumb Code     0  __rtentry4.o(.ARM.Collect$$rtentry$$00000004)
    __rt_entry_li                            0x00000151   Thumb Code     0  __rtentry2.o(.ARM.Collect$$rtentry$$0000000A)
    __rt_entry_postsh_1                      0x00000151   Thumb Code     0  __rtentry2.o(.ARM.Collect$$rtentry$$00000009)
    __rt_entry_main                          0x00000155   Thumb Code     0  __rtentry2.o(.ARM.Collect$$rtentry$$0000000D)
    __rt_entry_postli_1                      0x00000155   Thumb Code     0  __rtentry2.o(.ARM.Collect$$rtentry$$0000000C)
    __rt_exit                                0x0000015d   Thumb Code     0  rtexit.o(.ARM.Collect$$rtexit$$00000000)
    __rt_exit_ls                             0x0000015f   Thumb Code     0  rtexit2.o(.ARM.Collect$$rtexit$$00000003)
    __rt_exit_prels_1                        0x0000015f   Thumb Code     0  rtexit2.o(.ARM.Collect$$rtexit$$00000002)
    __rt_exit_exit                           0x00000163   Thumb Code     0  rtexit2.o(.ARM.Collect$$rtexit$$00000004)
    Reset_Handler                            0x00000169   Thumb Code    12  startup_mkl25z4.o(.text)
    NMI_Handler                              0x00000175   Thumb Code     2  startup_mkl25z4.o(.text)
    HardFault_Handler                        0x00000177   Thumb Code     2  startup_mkl25z4.o(.text)
    SVC_Handler                              0x00000179   Thumb Code     2  startup_mkl25z4.o(.text)
    PendSV_Handler                           0x0000017b   Thumb Code     2  startup_mkl25z4.o(.text)
    SysTick_Handler                          0x0000017d   Thumb Code     2  startup_mkl25z4.o(.text)
    ADC0_IRQHandler                          0x0000017f   Thumb Code     0  startup_mkl25z4.o(.text)
    CMP0_IRQHandler                          0x0000017f   Thumb Code     0  startup_mkl25z4.o(.text)
    DAC0_IRQHandler                          0x0000017f   Thumb Code     0  startup_mkl25z4.o(.text)
    DMA0_IRQHandler                          0x0000017f   Thumb Code     0  startup_mkl25z4.o(.text)
    DMA1_IRQHandler                          0x0000017f   Thumb Code     0  startup_mkl25z4.o(.text)
    DMA2_IRQHandler                          0x0000017f   Thumb Code     0  startup_mkl25z4.o(.text)
    DMA3_IRQHandler                          0x0000017f   Thumb Code     0  startup_mkl25z4.o(.text)
    DefaultISR                               0x0000017f   Thumb Code     0  startup_mkl25z4.o(.text)
    FTFA_IRQHandler                          0x0000017f   Thumb Code     0  startup_mkl25z4.o(.text)
    I2C0_IRQHandler                          0x0000017f   Thumb Code     0  startup_mkl25z4.o(.text)
    I2C1_IRQHandler                          0x0000017f   Thumb Code     0  startup_mkl25z4.o(.text)
    LLWU_IRQHandler                          0x0000017f   Thumb Code     0  startup_mkl25z4.o(.text)
    LPTMR0_IRQHandler                        0x0000017f   Thumb Code     0  startup_mkl25z4.o(.text)
    LVD_LVW_IRQHandler                       0x0000017f   Thumb Code     0  startup_mkl25z4.o(.text)
    MCG_IRQHandler                           0x0000017f   Thumb Code     0  startup_mkl25z4.o(.text)
    PIT_IRQHandler                           0x0000017f   Thumb Code     0  startup_mkl25z4.o(.text)
    PORTD_IRQHandler                         0x0000017f   Thumb Code     0  startup_mkl25z4.o(.text)
    RTC_IRQHandler                           0x0000017f   Thumb Code     0  startup_mkl25z4.o(.text)
    RTC_Seconds_IRQHandler                   0x0000017f   Thumb Code     0  startup_mkl25z4.o(.text)
    Reserved20_IRQHandler                    0x0000017f   Thumb Code     0  startup_mkl25z4.o(.text)
    Reserved39_IRQHandler                    0x0000017f   Thumb Code     0  startup_mkl25z4.o(.text)
    Reserved45_IRQHandler                    0x0000017f   Thumb Code     0  startup_mkl25z4.o(.text)
    SPI0_IRQHandler                          0x0000017f   Thumb Code     0  startup_mkl25z4.o(.text)
    SPI1_IRQHandler                          0x0000017f   Thumb Code     0  startup_mkl25z4.o(.text)
    TPM0_IRQHandler                          0x0000017f   Thumb Code     0  startup_mkl25z4.o(.text)
    TPM1_IRQHandler                          0x0000017f   Thumb Code     0  startup_mkl25z4.o(.text)
    TPM2_IRQHandler                          0x0000017f   Thumb Code     0  startup_mkl25z4.o(.text)
    TSI0_IRQHandler                          0x0000017f   Thumb Code     0  startup_mkl25z4.o(.text)
    UART0_IRQHandler                         0x0000017f   Thumb Code     0  startup_mkl25z4.o(.text)
    UART1_IRQHandler                         0x0000017f   Thumb Code     0  startup_mkl25z4.o(.text)
    UART2_IRQHandler                         0x0000017f   Thumb Code     0  startup_mkl25z4.o(.text)
    USB0_IRQHandler                          0x0000017f   Thumb Code     0  startup_mkl25z4.o(.text)
    __user_initial_stackheap                 0x00000185   Thumb Code     0  startup_mkl25z4.o(.text)
    __2sprintf                               0x000001a9   Thumb Code    36  noretval__2sprintf.o(.text)
    __printf                                 0x000001d1   Thumb Code   108  __printf.o(.text)
    _printf_int_dec                          0x0000023d   Thumb Code    90  _printf_dec.o(.text)
    atoi                                     0x000002a9   Thumb Code    26  atoi.o(.text)
    strlen                                   0x000002c5   Thumb Code    62  strlen.o(.text)
    __use_two_region_memory                  0x00000309   Thumb Code     2  heapauxi.o(.text)
    __rt_heap_escrow$2region                 0x0000030b   Thumb Code     2  heapauxi.o(.text)
    __rt_heap_expand$2region                 0x0000030d   Thumb Code     2  heapauxi.o(.text)
    __aeabi_errno_addr                       0x00000311   Thumb Code     8  rt_errno_addr_intlibspace.o(.text)
    __errno$intlibspace                      0x00000311   Thumb Code     0  rt_errno_addr_intlibspace.o(.text)
    __rt_errno_addr$intlibspace              0x00000311   Thumb Code     0  rt_errno_addr_intlibspace.o(.text)
    _printf_int_common                       0x00000319   Thumb Code   176  _printf_intcommon.o(.text)
    _printf_char_common                      0x000003d3   Thumb Code    32  _printf_char_common.o(.text)
    __user_libspace                          0x000003f9   Thumb Code     8  libspace.o(.text)
    __user_perproc_libspace                  0x000003f9   Thumb Code     0  libspace.o(.text)
    __user_perthread_libspace                0x000003f9   Thumb Code     0  libspace.o(.text)
    _sputc                                   0x00000411   Thumb Code    10  _sputc.o(.text)
    strtol                                   0x0000041d   Thumb Code   108  strtol.o(.text)
    __rt_udiv10                              0x0000048d   Thumb Code    40  rtudiv10.o(.text)
    __rt_ctype_table                         0x000004b5   Thumb Code    16  rt_ctype_table.o(.text)
    _strtoul                                 0x000004c5   Thumb Code   166  _strtoul.o(.text)
    __user_setup_stackheap                   0x0000056b   Thumb Code    62  sys_stackheap_outer.o(.text)
    __rt_locale                              0x000005a9   Thumb Code     8  rt_locale_intlibspace.o(.text)
    _chval                                   0x000005b1   Thumb Code    30  _chval.o(.text)
    exit                                     0x000005cf   Thumb Code    16  exit.o(.text)
    strcmp                                   0x000005e1   Thumb Code   132  strcmp.o(.text)
    _sys_exit                                0x00000669   Thumb Code     8  sys_exit.o(.text)
    __I$use$semihosting                      0x00000675   Thumb Code     0  use_no_semi.o(.text)
    __use_no_semihosting_swi                 0x00000675   Thumb Code     2  use_no_semi.o(.text)
    LCD_command                              0x00000677   Thumb Code    46  parte3.o(i.LCD_command)
    __semihosting_library_function           0x00000677   Thumb Code     0  indicate_semi.o(.text)
    LCD_data                                 0x000006a5   Thumb Code    34  parte3.o(i.LCD_data)
    LCD_init                                 0x000006c9   Thumb Code    98  parte3.o(i.LCD_init)
    LCD_nibble_write                         0x00000735   Thumb Code    64  parte3.o(i.LCD_nibble_write)
    PORTA_IRQHandler                         0x00000779   Thumb Code    38  parte3.o(i.PORTA_IRQHandler)
    SystemInit                               0x000007a5   Thumb Code     8  system_mkl25z4.o(i.SystemInit)
    append                                   0x000007b1   Thumb Code    24  parte3.o(i.append)
    clocksInit                               0x000007c9   Thumb Code    28  parte3.o(i.clocksInit)
    countdown                                0x000007e9   Thumb Code    32  parte3.o(i.countdown)
    delayMs                                  0x00000809   Thumb Code    24  parte3.o(i.delayMs)
    delayOneSec                              0x00000825   Thumb Code    28  parte3.o(i.delayOneSec)
    delayUs                                  0x00000849   Thumb Code    26  parte3.o(i.delayUs)
    getNumber                                0x00000863   Thumb Code    88  parte3.o(i.getNumber)
    inputPinsInit                            0x000008bd   Thumb Code   124  parte3.o(i.inputPinsInit)
    keypad_getkey                            0x00000945   Thumb Code   314  parte3.o(i.keypad_getkey)
    keypad_init                              0x00000a89   Thumb Code    44  parte3.o(i.keypad_init)
    ledsInit                                 0x00000ac1   Thumb Code    62  parte3.o(i.ledsInit)
    main                                     0x00000b0d   Thumb Code    90  parte3.o(i.main)
    oli                                      0x00000b71   Thumb Code    96  parte3.o(i.oli)
    timerInit                                0x00000bd1   Thumb Code    68  parte3.o(i.timerInit)
    writeKey                                 0x00000c21   Thumb Code    86  parte3.o(i.writeKey)
    writePause                               0x00000c77   Thumb Code    60  parte3.o(i.writePause)
    writeSelectNum                           0x00000cb3   Thumb Code   120  parte3.o(i.writeSelectNum)
    writeTime                                0x00000d2d   Thumb Code   152  parte3.o(i.writeTime)
    _get_lc_ctype                            0x00000dc9   Thumb Code    44  lc_ctype_c.o(locale$$code)
    Region$$Table$$Base                      0x00000df4   Number         0  anon$$obj.o(Region$$Table)
    Region$$Table$$Limit                     0x00000e04   Number         0  anon$$obj.o(Region$$Table)
    __ctype                                  0x00000e11   Data           0  lc_ctype_c.o(locale$$data)
    __libspace_start                         0x1ffff000   Data          96  libspace.o(.bss)
    __temporary_stack_top$libspace           0x1ffff060   Data           0  libspace.o(.bss)



==============================================================================

Memory Map of the image

  Image Entry point : 0x00000169

  Load Region LR_1 (Base: 0x00000000, Size: 0x00000f14, Max: 0xffffffff, ABSOLUTE)

    Execution Region ER_RO (Exec base: 0x00000000, Load base: 0x00000000, Size: 0x00000f14, Max: 0xffffffff, ABSOLUTE)

    Exec Addr    Load Addr    Size         Type   Attr      Idx    E Section Name        Object

    0x00000000   0x00000000   0x000000c0   Data   RO          196    RESET               startup_mkl25z4.o
    0x000000c0   0x000000c0   0x00000008   Code   RO          280  * !!!main             c_p.l(__main.o)
    0x000000c8   0x000000c8   0x0000003c   Code   RO          485    !!!scatter          c_p.l(__scatter.o)
    0x00000104   0x00000104   0x0000001c   Code   RO          487    !!handler_zi        c_p.l(__scatter_zi.o)
    0x00000120   0x00000120   0x00000002   Code   RO          269    .ARM.Collect$$_printf_percent$$00000000  c_p.l(_printf_percent.o)
    0x00000122   0x00000122   0x0000000a   Code   RO          268    .ARM.Collect$$_printf_percent$$00000009  c_p.l(_printf_d.o)
    0x0000012c   0x0000012c   0x00000004   Code   RO          298    .ARM.Collect$$_printf_percent$$00000017  c_p.l(_printf_percent_end.o)
    0x00000130   0x00000130   0x00000002   Code   RO          353    .ARM.Collect$$libinit$$00000000  c_p.l(libinit.o)
    0x00000132   0x00000132   0x00000000   Code   RO          366    .ARM.Collect$$libinit$$00000002  c_p.l(libinit2.o)
    0x00000132   0x00000132   0x00000000   Code   RO          368    .ARM.Collect$$libinit$$00000004  c_p.l(libinit2.o)
    0x00000132   0x00000132   0x00000000   Code   RO          371    .ARM.Collect$$libinit$$0000000A  c_p.l(libinit2.o)
    0x00000132   0x00000132   0x00000000   Code   RO          373    .ARM.Collect$$libinit$$0000000C  c_p.l(libinit2.o)
    0x00000132   0x00000132   0x00000000   Code   RO          375    .ARM.Collect$$libinit$$0000000E  c_p.l(libinit2.o)
    0x00000132   0x00000132   0x00000006   Code   RO          376    .ARM.Collect$$libinit$$0000000F  c_p.l(libinit2.o)
    0x00000138   0x00000138   0x00000000   Code   RO          378    .ARM.Collect$$libinit$$00000011  c_p.l(libinit2.o)
    0x00000138   0x00000138   0x0000000c   Code   RO          379    .ARM.Collect$$libinit$$00000012  c_p.l(libinit2.o)
    0x00000144   0x00000144   0x00000000   Code   RO          380    .ARM.Collect$$libinit$$00000013  c_p.l(libinit2.o)
    0x00000144   0x00000144   0x00000000   Code   RO          382    .ARM.Collect$$libinit$$00000015  c_p.l(libinit2.o)
    0x00000144   0x00000144   0x00000000   Code   RO          384    .ARM.Collect$$libinit$$00000017  c_p.l(libinit2.o)
    0x00000144   0x00000144   0x00000000   Code   RO          386    .ARM.Collect$$libinit$$00000019  c_p.l(libinit2.o)
    0x00000144   0x00000144   0x00000000   Code   RO          388    .ARM.Collect$$libinit$$0000001B  c_p.l(libinit2.o)
    0x00000144   0x00000144   0x00000000   Code   RO          390    .ARM.Collect$$libinit$$0000001D  c_p.l(libinit2.o)
    0x00000144   0x00000144   0x00000000   Code   RO          392    .ARM.Collect$$libinit$$0000001F  c_p.l(libinit2.o)
    0x00000144   0x00000144   0x00000000   Code   RO          394    .ARM.Collect$$libinit$$00000021  c_p.l(libinit2.o)
    0x00000144   0x00000144   0x00000000   Code   RO          396    .ARM.Collect$$libinit$$00000023  c_p.l(libinit2.o)
    0x00000144   0x00000144   0x00000000   Code   RO          398    .ARM.Collect$$libinit$$00000025  c_p.l(libinit2.o)
    0x00000144   0x00000144   0x00000000   Code   RO          402    .ARM.Collect$$libinit$$0000002C  c_p.l(libinit2.o)
    0x00000144   0x00000144   0x00000000   Code   RO          404    .ARM.Collect$$libinit$$0000002E  c_p.l(libinit2.o)
    0x00000144   0x00000144   0x00000000   Code   RO          406    .ARM.Collect$$libinit$$00000030  c_p.l(libinit2.o)
    0x00000144   0x00000144   0x00000000   Code   RO          408    .ARM.Collect$$libinit$$00000032  c_p.l(libinit2.o)
    0x00000144   0x00000144   0x00000002   Code   RO          409    .ARM.Collect$$libinit$$00000033  c_p.l(libinit2.o)
    0x00000146   0x00000146   0x00000002   Code   RO          440    .ARM.Collect$$libshutdown$$00000000  c_p.l(libshutdown.o)
    0x00000148   0x00000148   0x00000000   Code   RO          466    .ARM.Collect$$libshutdown$$00000002  c_p.l(libshutdown2.o)
    0x00000148   0x00000148   0x00000000   Code   RO          468    .ARM.Collect$$libshutdown$$00000004  c_p.l(libshutdown2.o)
    0x00000148   0x00000148   0x00000000   Code   RO          470    .ARM.Collect$$libshutdown$$00000006  c_p.l(libshutdown2.o)
    0x00000148   0x00000148   0x00000000   Code   RO          473    .ARM.Collect$$libshutdown$$00000009  c_p.l(libshutdown2.o)
    0x00000148   0x00000148   0x00000000   Code   RO          476    .ARM.Collect$$libshutdown$$0000000C  c_p.l(libshutdown2.o)
    0x00000148   0x00000148   0x00000000   Code   RO          478    .ARM.Collect$$libshutdown$$0000000E  c_p.l(libshutdown2.o)
    0x00000148   0x00000148   0x00000000   Code   RO          481    .ARM.Collect$$libshutdown$$00000011  c_p.l(libshutdown2.o)
    0x00000148   0x00000148   0x00000002   Code   RO          482    .ARM.Collect$$libshutdown$$00000012  c_p.l(libshutdown2.o)
    0x0000014a   0x0000014a   0x00000000   Code   RO          282    .ARM.Collect$$rtentry$$00000000  c_p.l(__rtentry.o)
    0x0000014a   0x0000014a   0x00000000   Code   RO          307    .ARM.Collect$$rtentry$$00000002  c_p.l(__rtentry2.o)
    0x0000014a   0x0000014a   0x00000006   Code   RO          319    .ARM.Collect$$rtentry$$00000004  c_p.l(__rtentry4.o)
    0x00000150   0x00000150   0x00000000   Code   RO          309    .ARM.Collect$$rtentry$$00000009  c_p.l(__rtentry2.o)
    0x00000150   0x00000150   0x00000004   Code   RO          310    .ARM.Collect$$rtentry$$0000000A  c_p.l(__rtentry2.o)
    0x00000154   0x00000154   0x00000000   Code   RO          312    .ARM.Collect$$rtentry$$0000000C  c_p.l(__rtentry2.o)
    0x00000154   0x00000154   0x00000008   Code   RO          313    .ARM.Collect$$rtentry$$0000000D  c_p.l(__rtentry2.o)
    0x0000015c   0x0000015c   0x00000002   Code   RO          355    .ARM.Collect$$rtexit$$00000000  c_p.l(rtexit.o)
    0x0000015e   0x0000015e   0x00000000   Code   RO          413    .ARM.Collect$$rtexit$$00000002  c_p.l(rtexit2.o)
    0x0000015e   0x0000015e   0x00000004   Code   RO          414    .ARM.Collect$$rtexit$$00000003  c_p.l(rtexit2.o)
    0x00000162   0x00000162   0x00000006   Code   RO          415    .ARM.Collect$$rtexit$$00000004  c_p.l(rtexit2.o)
    0x00000168   0x00000168   0x00000040   Code   RO          198  * .text               startup_mkl25z4.o
    0x000001a8   0x000001a8   0x00000028   Code   RO          242    .text               c_p.l(noretval__2sprintf.o)
    0x000001d0   0x000001d0   0x0000006c   Code   RO          244    .text               c_p.l(__printf.o)
    0x0000023c   0x0000023c   0x0000006c   Code   RO          246    .text               c_p.l(_printf_dec.o)
    0x000002a8   0x000002a8   0x0000001a   Code   RO          270    .text               c_p.l(atoi.o)
    0x000002c2   0x000002c2   0x00000002   PAD
    0x000002c4   0x000002c4   0x00000044   Code   RO          272    .text               c_p.l(strlen.o)
    0x00000308   0x00000308   0x00000006   Code   RO          278    .text               c_p.l(heapauxi.o)
    0x0000030e   0x0000030e   0x00000002   PAD
    0x00000310   0x00000310   0x00000008   Code   RO          290    .text               c_p.l(rt_errno_addr_intlibspace.o)
    0x00000318   0x00000318   0x000000b0   Code   RO          292    .text               c_p.l(_printf_intcommon.o)
    0x000003c8   0x000003c8   0x00000030   Code   RO          294    .text               c_p.l(_printf_char_common.o)
    0x000003f8   0x000003f8   0x00000008   Code   RO          303    .text               c_p.l(libspace.o)
    0x00000400   0x00000400   0x00000010   Code   RO          197    .ARM.__at_0x400     startup_mkl25z4.o
    0x00000410   0x00000410   0x0000000a   Code   RO          296    .text               c_p.l(_sputc.o)
    0x0000041a   0x0000041a   0x00000002   PAD
    0x0000041c   0x0000041c   0x00000070   Code   RO          299    .text               c_p.l(strtol.o)
    0x0000048c   0x0000048c   0x00000028   Code   RO          301    .text               c_p.l(rtudiv10.o)
    0x000004b4   0x000004b4   0x00000010   Code   RO          321    .text               c_p.l(rt_ctype_table.o)
    0x000004c4   0x000004c4   0x000000a6   Code   RO          327    .text               c_p.l(_strtoul.o)
    0x0000056a   0x0000056a   0x0000003e   Code   RO          329    .text               c_p.l(sys_stackheap_outer.o)
    0x000005a8   0x000005a8   0x00000008   Code   RO          335    .text               c_p.l(rt_locale_intlibspace.o)
    0x000005b0   0x000005b0   0x0000001e   Code   RO          337    .text               c_p.l(_chval.o)
    0x000005ce   0x000005ce   0x00000010   Code   RO          342    .text               c_p.l(exit.o)
    0x000005de   0x000005de   0x00000002   PAD
    0x000005e0   0x000005e0   0x00000088   Code   RO          363    .text               c_p.l(strcmp.o)
    0x00000668   0x00000668   0x0000000c   Code   RO          410    .text               c_p.l(sys_exit.o)
    0x00000674   0x00000674   0x00000002   Code   RO          429    .text               c_p.l(use_no_semi.o)
    0x00000676   0x00000676   0x00000000   Code   RO          431    .text               c_p.l(indicate_semi.o)
    0x00000676   0x00000676   0x0000002e   Code   RO            3    i.LCD_command       parte3.o
    0x000006a4   0x000006a4   0x00000022   Code   RO            4    i.LCD_data          parte3.o
    0x000006c6   0x000006c6   0x00000002   PAD
    0x000006c8   0x000006c8   0x0000006c   Code   RO            5    i.LCD_init          parte3.o
    0x00000734   0x00000734   0x00000044   Code   RO            6    i.LCD_nibble_write  parte3.o
    0x00000778   0x00000778   0x0000002c   Code   RO            7    i.PORTA_IRQHandler  parte3.o
    0x000007a4   0x000007a4   0x0000000c   Code   RO          207    i.SystemInit        system_mkl25z4.o
    0x000007b0   0x000007b0   0x00000018   Code   RO            8    i.append            parte3.o
    0x000007c8   0x000007c8   0x00000020   Code   RO            9    i.clocksInit        parte3.o
    0x000007e8   0x000007e8   0x00000020   Code   RO           10    i.countdown         parte3.o
    0x00000808   0x00000808   0x0000001c   Code   RO           11    i.delayMs           parte3.o
    0x00000824   0x00000824   0x00000024   Code   RO           12    i.delayOneSec       parte3.o
    0x00000848   0x00000848   0x0000001a   Code   RO           13    i.delayUs           parte3.o
    0x00000862   0x00000862   0x00000058   Code   RO           14    i.getNumber         parte3.o
    0x000008ba   0x000008ba   0x00000002   PAD
    0x000008bc   0x000008bc   0x00000088   Code   RO           15    i.inputPinsInit     parte3.o
    0x00000944   0x00000944   0x00000144   Code   RO           17    i.keypad_getkey     parte3.o
    0x00000a88   0x00000a88   0x00000038   Code   RO           18    i.keypad_init       parte3.o
    0x00000ac0   0x00000ac0   0x0000004c   Code   RO           19    i.ledsInit          parte3.o
    0x00000b0c   0x00000b0c   0x00000064   Code   RO           20    i.main              parte3.o
    0x00000b70   0x00000b70   0x00000060   Code   RO           21    i.oli               parte3.o
    0x00000bd0   0x00000bd0   0x00000050   Code   RO           22    i.timerInit         parte3.o
    0x00000c20   0x00000c20   0x00000056   Code   RO           23    i.writeKey          parte3.o
    0x00000c76   0x00000c76   0x0000003c   Code   RO           24    i.writePause        parte3.o
    0x00000cb2   0x00000cb2   0x00000078   Code   RO           25    i.writeSelectNum    parte3.o
    0x00000d2a   0x00000d2a   0x00000002   PAD
    0x00000d2c   0x00000d2c   0x0000009c   Code   RO           26    i.writeTime         parte3.o
    0x00000dc8   0x00000dc8   0x0000002c   Code   RO          340    locale$$code        c_p.l(lc_ctype_c.o)
    0x00000df4   0x00000df4   0x00000010   Data   RO          483    Region$$Table       anon$$obj.o
    0x00000e04   0x00000e04   0x00000110   Data   RO          339    locale$$data        c_p.l(lc_ctype_c.o)


    Execution Region ER_RW (Exec base: 0x1ffff000, Load base: 0x00000f14, Size: 0x00000000, Max: 0xffffffff, ABSOLUTE)

    **** No section assigned to this execution region ****


    Execution Region ER_ZI (Exec base: 0x1ffff000, Load base: 0x00000f14, Size: 0x00000160, Max: 0xffffffff, ABSOLUTE)

    Exec Addr    Load Addr    Size         Type   Attr      Idx    E Section Name        Object

    0x1ffff000        -       0x00000060   Zero   RW          304    .bss                c_p.l(libspace.o)
    0x1ffff060        -       0x00000000   Zero   RW          195    HEAP                startup_mkl25z4.o
    0x1ffff060        -       0x00000100   Zero   RW          194    STACK               startup_mkl25z4.o


==============================================================================

Image component sizes


      Code (inc. data)   RO Data    RW Data    ZI Data      Debug   Object Name

      1856        110          0          0          0      13785   parte3.o
        80         44        192          0        256       1008   startup_mkl25z4.o
        12          4          0          0          0        505   system_mkl25z4.o

    ----------------------------------------------------------------------
      1954        158        208          0        256      15298   Object Totals
         0          0         16          0          0          0   (incl. Generated)
         6          0          0          0          0          0   (incl. Padding)

    ----------------------------------------------------------------------

      Code (inc. data)   RO Data    RW Data    ZI Data      Debug   Library Member Name

         8          0          0          0          0         68   __main.o
       108          0          0          0          0         76   __printf.o
         0          0          0          0          0          0   __rtentry.o
        12          0          0          0          0          0   __rtentry2.o
         6          0          0          0          0          0   __rtentry4.o
        60          8          0          0          0          0   __scatter.o
        28          0          0          0          0          0   __scatter_zi.o
        30          0          0          0          0         60   _chval.o
        48          6          0          0          0         88   _printf_char_common.o
        10          0          0          0          0          0   _printf_d.o
       108         18          0          0          0         76   _printf_dec.o
       176          0          0          0          0         84   _printf_intcommon.o
         2          0          0          0          0          0   _printf_percent.o
         4          0          0          0          0          0   _printf_percent_end.o
        10          0          0          0          0         60   _sputc.o
       166          0          0          0          0         84   _strtoul.o
        26          0          0          0          0         72   atoi.o
        16          0          0          0          0         68   exit.o
         6          0          0          0          0        136   heapauxi.o
         0          0          0          0          0          0   indicate_semi.o
        44         10        272          0          0         76   lc_ctype_c.o
         2          0          0          0          0          0   libinit.o
        20          0          0          0          0          0   libinit2.o
         2          0          0          0          0          0   libshutdown.o
         2          0          0          0          0          0   libshutdown2.o
         8          4          0          0         96         68   libspace.o
        40          4          0          0          0         84   noretval__2sprintf.o
        16          4          0          0          0         76   rt_ctype_table.o
         8          4          0          0          0         68   rt_errno_addr_intlibspace.o
         8          4          0          0          0         68   rt_locale_intlibspace.o
         2          0          0          0          0          0   rtexit.o
        10          0          0          0          0          0   rtexit2.o
        40          0          0          0          0         60   rtudiv10.o
       136          4          0          0          0         72   strcmp.o
        68          6          0          0          0         72   strlen.o
       112          4          0          0          0         76   strtol.o
        12          4          0          0          0         60   sys_exit.o
        62          0          0          0          0         80   sys_stackheap_outer.o
         2          0          0          0          0         68   use_no_semi.o

    ----------------------------------------------------------------------
      1426         80        272          0         96       1800   Library Totals
         8          0          0          0          0          0   (incl. Padding)

    ----------------------------------------------------------------------

      Code (inc. data)   RO Data    RW Data    ZI Data      Debug   Library Name

      1418         80        272          0         96       1800   c_p.l

    ----------------------------------------------------------------------
      1426         80        272          0         96       1800   Library Totals

    ----------------------------------------------------------------------

==============================================================================


      Code (inc. data)   RO Data    RW Data    ZI Data      Debug   

      3380        238        480          0        352      15190   Grand Totals
      3380        238        480          0        352      15190   ELF Image Totals
      3380        238        480          0          0          0   ROM Totals

==============================================================================

    Total RO  Size (Code + RO Data)                 3860 (   3.77kB)
    Total RW  Size (RW Data + ZI Data)               352 (   0.34kB)
    Total ROM Size (Code + RO Data + RW Data)       3860 (   3.77kB)

==============================================================================

