Component: ARM Compiler 5.06 update 7 (build 960) Tool: armlink [4d3601]

==============================================================================

Section Cross References

    part2.o(i.LCD_command) refers to part2.o(i.LCD_nibble_write) for LCD_nibble_write
    part2.o(i.LCD_command) refers to part2.o(i.delayMs) for delayMs
    part2.o(i.LCD_data) refers to part2.o(i.LCD_nibble_write) for LCD_nibble_write
    part2.o(i.LCD_data) refers to part2.o(i.delayMs) for delayMs
    part2.o(i.LCD_init) refers to part2.o(i.delayMs) for delayMs
    part2.o(i.LCD_init) refers to part2.o(i.LCD_nibble_write) for LCD_nibble_write
    part2.o(i.LCD_init) refers to part2.o(i.LCD_command) for LCD_command
    part2.o(i.LCD_nibble_write) refers to part2.o(i.delayMs) for delayMs
    part2.o(i.PORTA_IRQHandler) refers to part2.o(i.iddleMode) for iddleMode
    part2.o(i.append) refers to strlen.o(.text) for strlen
    part2.o(i.getNumber) refers to part2.o(i.writeSelectNum) for writeSelectNum
    part2.o(i.getNumber) refers to part2.o(i.delayMs) for delayMs
    part2.o(i.getNumber) refers to part2.o(i.keypad_getkey) for keypad_getkey
    part2.o(i.getNumber) refers to part2.o(i.append) for append
    part2.o(i.getNumber) refers to strlen.o(.text) for strlen
    part2.o(i.getNumber) refers to part2.o(i.writeKey) for writeKey
    part2.o(i.getNumber) refers to part2.o(i.LCD_command) for LCD_command
    part2.o(i.getNumber) refers to atoi.o(.text) for atoi
    part2.o(i.getTemperatureLecture) refers to dflti.o(.text) for __aeabi_i2d
    part2.o(i.getTemperatureLecture) refers to dmul.o(.text) for __aeabi_dmul
    part2.o(i.getTemperatureLecture) refers to ddiv.o(.text) for __aeabi_ddiv
    part2.o(i.getTemperatureLecture) refers to d2f.o(.text) for __aeabi_d2f
    part2.o(i.iddleMode) refers to part2.o(i.iddleWrite) for iddleWrite
    part2.o(i.iddleMode) refers to part2.o(i.keypad_getkey) for keypad_getkey
    part2.o(i.iddleWrite) refers to part2.o(i.LCD_command) for LCD_command
    part2.o(i.iddleWrite) refers to part2.o(i.delayMs) for delayMs
    part2.o(i.iddleWrite) refers to strlen.o(.text) for strlen
    part2.o(i.iddleWrite) refers to part2.o(i.printStuff) for printStuff
    part2.o(i.iddleWrite) refers to part2.o(i.lcdReset) for lcdReset
    part2.o(i.keypad_getkey) refers to part2.o(i.delayUs) for delayUs
    part2.o(i.lcdReset) refers to part2.o(i.delayMs) for delayMs
    part2.o(i.lcdReset) refers to part2.o(i.LCD_command) for LCD_command
    part2.o(i.main) refers to part2.o(i.clocksInit) for clocksInit
    part2.o(i.main) refers to part2.o(i.keypad_init) for keypad_init
    part2.o(i.main) refers to part2.o(i.LCD_init) for LCD_init
    part2.o(i.main) refers to part2.o(i.inputPinsInit) for inputPinsInit
    part2.o(i.main) refers to part2.o(i.fanInit) for fanInit
    part2.o(i.main) refers to part2.o(i.timerInit) for timerInit
    part2.o(i.main) refers to part2.o(i.ADC_INIT) for ADC_INIT
    part2.o(i.main) refers to part2.o(i.delayMs) for delayMs
    part2.o(i.main) refers to part2.o(i.menuTemp) for menuTemp
    part2.o(i.main) refers to part2.o(i.LCD_command) for LCD_command
    part2.o(i.main) refers to part2.o(i.getNumber) for getNumber
    part2.o(i.main) refers to part2.o(i.startMeasure) for startMeasure
    part2.o(i.main) refers to part2.o(i.getTemperatureLecture) for getTemperatureLecture
    part2.o(i.main) refers to part2.o(i.printLecture) for printLecture
    part2.o(i.main) refers to fflti.o(.text) for __aeabi_i2f
    part2.o(i.main) refers to faddsub.o(x$fpl$frsb) for __aeabi_frsub
    part2.o(i.main) refers to frlef.o(x$fpl$frleqf) for __aeabi_cfrcmple
    part2.o(i.main) refers to part2.o(i.xTremCooldown) for xTremCooldown
    part2.o(i.main) refers to part2.o(i.nSecondsFan) for nSecondsFan
    part2.o(i.main) refers to part2.o(i.xSecondsDelay) for xSecondsDelay
    part2.o(i.menuTemp) refers to part2.o(i.LCD_command) for LCD_command
    part2.o(i.menuTemp) refers to part2.o(i.delayMs) for delayMs
    part2.o(i.menuTemp) refers to strlen.o(.text) for strlen
    part2.o(i.menuTemp) refers to part2.o(i.printStuff) for printStuff
    part2.o(i.nSecondsFan) refers to part2.o(i.xSecondsDelay) for xSecondsDelay
    part2.o(i.printLecture) refers to _printf_pad.o(.text) for _printf_pre_padding
    part2.o(i.printLecture) refers to _printf_percent.o(.ARM.Collect$$_printf_percent$$00000000) for _printf_percent
    part2.o(i.printLecture) refers to _printf_i.o(.ARM.Collect$$_printf_percent$$00000008) for _printf_i
    part2.o(i.printLecture) refers to _printf_dec.o(.text) for _printf_int_dec
    part2.o(i.printLecture) refers to part2.o(i.LCD_command) for LCD_command
    part2.o(i.printLecture) refers to part2.o(i.delayMs) for delayMs
    part2.o(i.printLecture) refers to f2d.o(.text) for __aeabi_f2d
    part2.o(i.printLecture) refers to noretval__2sprintf.o(.text) for __2sprintf
    part2.o(i.printLecture) refers to strlen.o(.text) for strlen
[...]
    part2.o(i.printTarget) refers to part2.o(i.printStuff) for printStuff
    part2.o(i.printTarget) refers to part2.o(i.lcdReset) for lcdReset
    part2.o(i.startMeasure) refers to part2.o(i.printTarget) for printTarget
    part2.o(i.startMeasure) refers to part2.o(i.writeStMeasure) for writeStMeasure
    part2.o(i.startMeasure) refers to part2.o(i.keypad_getkey) for keypad_getkey
    part2.o(i.writeKey) refers to part2.o(i.LCD_command) for LCD_command
    part2.o(i.writeKey) refers to part2.o(i.delayMs) for delayMs
    part2.o(i.writeKey) refers to part2.o(i.LCD_data) for LCD_data
    part2.o(i.writeSelectNum) refers to part2.o(i.LCD_command) for LCD_command
    part2.o(i.writeSelectNum) refers to part2.o(i.delayMs) for delayMs
    part2.o(i.writeSelectNum) refers to part2.o(i.LCD_data) for LCD_data
    part2.o(i.writeStMeasure) refers to part2.o(i.LCD_command) for LCD_command
    part2.o(i.writeStMeasure) refers to part2.o(i.delayMs) for delayMs
    part2.o(i.writeStMeasure) refers to strlen.o(.text) for strlen
    part2.o(i.writeStMeasure) refers to part2.o(i.printStuff) for printStuff
    part2.o(i.writeStMeasure) refers to part2.o(i.lcdReset) for lcdReset
    part2.o(i.xSecondsDelay) refers to part2.o(i.delayOneSec) for delayOneSec
    part2.o(i.xTremCooldown) refers to part2.o(i.LCD_command) for LCD_command
    part2.o(i.xTremCooldown) refers to part2.o(i.delayMs) for delayMs
    part2.o(i.xTremCooldown) refers to strlen.o(.text) for strlen
    part2.o(i.xTremCooldown) refers to part2.o(i.printStuff) for printStuff
    part2.o(i.xTremCooldown) refers to part2.o(i.lcdReset) for lcdReset
    part2.o(i.xTremCooldown) refers to part2.o(i.nSecondsFan) for nSecondsFan
    startup_mkl25z4.o(STACK) refers (Special) to heapauxi.o(.text) for __use_two_region_memory
    startup_mkl25z4.o(HEAP) refers (Special) to heapauxi.o(.text) for __use_two_region_memory
    startup_mkl25z4.o(RESET) refers (Special) to heapauxi.o(.text) for __use_two_region_memory
    startup_mkl25z4.o(RESET) refers to startup_mkl25z4.o(STACK) for __initial_sp
    startup_mkl25z4.o(RESET) refers to startup_mkl25z4.o(.text) for Reset_Handler
    startup_mkl25z4.o(RESET) refers to part2.o(i.PORTA_IRQHandler) for PORTA_IRQHandler
    startup_mkl25z4.o(.ARM.__at_0x400) refers (Special) to heapauxi.o(.text) for __use_two_region_memory
    startup_mkl25z4.o(.text) refers (Special) to heapauxi.o(.text) for __use_two_region_memory
    startup_mkl25z4.o(.text) refers to system_mkl25z4.o(i.SystemInit) for SystemInit
    startup_mkl25z4.o(.text) refers to __main.o(!!!main) for __main
    startup_mkl25z4.o(.text) refers to startup_mkl25z4.o(HEAP) for Heap_Mem
    startup_mkl25z4.o(.text) refers to startup_mkl25z4.o(STACK) for Stack_Mem
    system_mkl25z4.o(i.SystemCoreClockUpdate) refers to aeabi_sdiv.o(.text) for __aeabi_uidivmod
    system_mkl25z4.o(i.SystemCoreClockUpdate) refers to system_mkl25z4.o(i.__ARM_common_switch8) for __ARM_common_switch8
    system_mkl25z4.o(i.SystemCoreClockUpdate) refers to system_mkl25z4.o(.data) for SystemCoreClock
    __2sprintf.o(.text) refers to _printf_char_common.o(.text) for _printf_char_common
    __2sprintf.o(.text) refers to _sputc.o(.text) for _sputc
    noretval__2sprintf.o(.text) refers to _printf_char_common.o(.text) for _printf_char_common
    noretval__2sprintf.o(.text) refers to _sputc.o(.text) for _sputc
    __printf.o(.text) refers to _printf_percent.o(.ARM.Collect$$_printf_percent$$00000000) for _printf_percent
    _printf_dec.o(.text) refers to rtudiv10.o(.text) for __rt_udiv10
    _printf_dec.o(.text) refers to _printf_intcommon.o(.text) for _printf_int_common
    __printf_flags.o(.text) refers to _printf_percent.o(.ARM.Collect$$_printf_percent$$00000000) for _printf_percent
    __printf_flags.o(.text) refers to __printf_flags.o(.constdata) for .constdata
    __printf_ss.o(.text) refers to _printf_percent.o(.ARM.Collect$$_printf_percent$$00000000) for _printf_percent
    __printf_flags_ss.o(.text) refers to _printf_percent.o(.ARM.Collect$$_printf_percent$$00000000) for _printf_percent
    __printf_flags_ss.o(.text) refers to __printf_flags_ss.o(.constdata) for .constdata
    __printf_wp.o(.text) refers to __printf_wp.o(i._is_digit) for _is_digit
    __printf_wp.o(.text) refers to _printf_percent.o(.ARM.Collect$$_printf_percent$$00000000) for _printf_percent
    __printf_flags_wp.o(.text) refers to __printf_wp.o(i._is_digit) for _is_digit
    __printf_flags_wp.o(.text) refers to _printf_percent.o(.ARM.Collect$$_printf_percent$$00000000) for _printf_percent
    __printf_flags_wp.o(.text) refers to __printf_flags_wp.o(.constdata) for .constdata
    __printf_ss_wp.o(.text) refers to __printf_wp.o(i._is_digit) for _is_digit
    __printf_ss_wp.o(.text) refers to _printf_percent.o(.ARM.Collect$$_printf_percent$$00000000) for _printf_percent
    __printf_flags_ss_wp.o(.text) refers to __printf_wp.o(i._is_digit) for _is_digit
    __printf_flags_ss_wp.o(.text) refers to _printf_percent.o(.ARM.Collect$$_printf_percent$$00000000) for _printf_percent
    __printf_flags_ss_wp.o(.text) refers to __printf_flags_ss_wp.o(.constdata) for .constdata
    _printf_i.o(.ARM.Collect$$_printf_percent$$00000008) refers (Weak) to _printf_dec.o(.text) for _printf_int_dec
    _printf_d.o(.ARM.Collect$$_printf_percent$$00000009) refers (Weak) to _printf_dec.o(.text) for _printf_int_dec
    _printf_percent.o(.ARM.Collect$$_printf_percent$$00000000) refers (Special) to _printf_percent_end.o(.ARM.Collect$$_printf_percent$$00000017) for _printf_percent_end
    atoi.o(.text) refers to rt_errno_addr_intlibspace.o(.text) for __aeabi_errno_addr
    atoi.o(.text) refers to strtol.o(.text) for strtol
    __main.o(!!!main) refers to __rtentry.o(.ARM.Collect$$rtentry$$00000000) for __rt_entry
    d2f.o(.text) refers (Special) to usenofp.o(x$fpl$usenofp) for __I$use$fp
    ddiv.o(.text) refers (Special) to usenofp.o(x$fpl$usenofp) for __I$use$fp
    ddiv.o(.text) refers to ddiv.o(.constdata) for .constdata
    ddiv.o(.constdata) refers (Special) to usenofp.o(x$fpl$usenofp) for __I$use$fp
    dflti.o(.text) refers (Special) to usenofp.o(x$fpl$usenofp) for __I$use$fp
    dmul.o(.text) refers (Special) to usenofp.o(x$fpl$usenofp) for __I$use$fp
    f2d.o(.text) refers (Special) to usenofp.o(x$fpl$usenofp) for __I$use$fp
    faddsub.o(x$fpl$fadd) refers (Special) to usenofp.o(x$fpl$usenofp) for __I$use$fp
    faddsub.o(x$fpl$fadd) refers to faddsub.o(x$fpl$fsub) for _fsub1
    faddsub.o(x$fpl$frsb) refers (Special) to usenofp.o(x$fpl$usenofp) for __I$use$fp
    faddsub.o(x$fpl$frsb) refers to faddsub.o(x$fpl$fsub) for _fsub1
    faddsub.o(x$fpl$frsb) refers to faddsub.o(x$fpl$fadd) for _fadd1
    faddsub.o(x$fpl$fsub) refers (Special) to usenofp.o(x$fpl$usenofp) for __I$use$fp
    faddsub.o(x$fpl$fsub) refers to faddsub.o(x$fpl$fadd) for _fadd1
    fflti.o(.text) refers (Special) to usenofp.o(x$fpl$usenofp) for __I$use$fp
    frlef.o(x$fpl$frleqf) refers (Special) to usenofp.o(x$fpl$usenofp) for __I$use$fp
    frlef.o(x$fpl$frleqf) refers to fcmpin.o(.text) for __fpl_fcmp_InfNaN
    __rtentry.o(.ARM.Collect$$rtentry$$00000000) refers (Special) to __rtentry2.o(.ARM.Collect$$rtentry$$0000000A) for __rt_entry_li
    __rtentry.o(.ARM.Collect$$rtentry$$00000000) refers (Special) to __rtentry2.o(.ARM.Collect$$rtentry$$0000000D) for __rt_entry_main
    __rtentry.o(.ARM.Collect$$rtentry$$00000000) refers (Special) to __rtentry2.o(.ARM.Collect$$rtentry$$0000000C) for __rt_entry_postli_1
    __rtentry.o(.ARM.Collect$$rtentry$$00000000) refers (Special) to __rtentry2.o(.ARM.Collect$$rtentry$$00000009) for __rt_entry_postsh_1
    __rtentry.o(.ARM.Collect$$rtentry$$00000000) refers (Special) to __rtentry2.o(.ARM.Collect$$rtentry$$00000002) for __rt_entry_presh_1
    __rtentry.o(.ARM.Collect$$rtentry$$00000000) refers (Special) to __rtentry4.o(.ARM.Collect$$rtentry$$00000004) for __rt_entry_sh
    aeabi_idiv0_sigfpe.o(.text) refers to rt_div0.o(.text) for __rt_div0
    rt_errno_addr.o(.text) refers to rt_errno_addr.o(.bss) for __aeabi_errno_addr_data
    rt_errno_addr_intlibspace.o(.text) refers to libspace.o(.bss) for __libspace_start
    _printf_intcommon.o(.text) refers (Weak) to _printf_pad.o(.text) for _printf_pre_padding
    _printf_intcommon.o(.text) refers (Weak) to _printf_pad.o(.text) for _printf_pre_padding
    _printf_intcommon.o(.text) refers (Weak) to _printf_pad.o(.text) for _printf_post_padding
    _printf_char_common.o(.text) refers to __printf_wp.o(.text) for __printf
    strtol.o(.text) refers to rt_ctype_table.o(.text) for __rt_ctype_table
    strtol.o(.text) refers to _strtoul.o(.text) for _strtoul
    strtol.o(.text) refers to rt_errno_addr_intlibspace.o(.text) for __aeabi_errno_addr
    fcmpin.o(.text) refers (Special) to usenofp.o(x$fpl$usenofp) for __I$use$fp
    fcmpin.o(.text) refers to cmpret.o(.text) for __fpl_cmpreturn
    fcmpin.o(.text) refers to fnan2.o(.text) for __fpl_fcheck_NaN2
    libspace.o(.text) refers to libspace.o(.bss) for __libspace_start
    __rtentry2.o(.ARM.Collect$$rtentry$$00000008) refers to boardinit2.o(.text) for _platform_post_stackheap_init
    __rtentry2.o(.ARM.Collect$$rtentry$$0000000A) refers to libinit.o(.ARM.Collect$$libinit$$00000000) for __rt_lib_init
    __rtentry2.o(.ARM.Collect$$rtentry$$0000000B) refers to boardinit3.o(.text) for _platform_post_lib_init
    __rtentry2.o(.ARM.Collect$$rtentry$$0000000D) refers to part2.o(i.main) for main
    __rtentry2.o(.ARM.Collect$$rtentry$$0000000D) refers to exit.o(.text) for exit
    __rtentry2.o(.ARM.exidx) refers to __rtentry2.o(.ARM.Collect$$rtentry$$00000001) for .ARM.Collect$$rtentry$$00000001
    __rtentry2.o(.ARM.exidx) refers to __rtentry2.o(.ARM.Collect$$rtentry$$00000008) for .ARM.Collect$$rtentry$$00000008
    __rtentry2.o(.ARM.exidx) refers to __rtentry2.o(.ARM.Collect$$rtentry$$0000000A) for .ARM.Collect$$rtentry$$0000000A
    __rtentry2.o(.ARM.exidx) refers to __rtentry2.o(.ARM.Collect$$rtentry$$0000000B) for .ARM.Collect$$rtentry$$0000000B
    __rtentry2.o(.ARM.exidx) refers to __rtentry2.o(.ARM.Collect$$rtentry$$0000000D) for .ARM.Collect$$rtentry$$0000000D
    __rtentry4.o(.ARM.Collect$$rtentry$$00000004) refers to sys_stackheap_outer.o(.text) for __user_setup_stackheap
    __rtentry4.o(.ARM.exidx) refers to __rtentry4.o(.ARM.Collect$$rtentry$$00000004) for .ARM.Collect$$rtentry$$00000004
    rt_ctype_table.o(.text) refers to rt_locale_intlibspace.o(.text) for __rt_locale
    rt_ctype_table.o(.text) refers to lc_ctype_c.o(locale$$code) for _get_lc_ctype
    rt_div0.o(.text) refers to defsig_fpe_outer.o(.text) for __rt_SIGFPE
    _strtoul.o(.text) refers to _chval.o(.text) for _chval
    _strtoul.o(.text) refers to rt_errno_addr_intlibspace.o(.text) for __aeabi_errno_addr
    cmpret.o(.text) refers (Special) to usenofp.o(x$fpl$usenofp) for __I$use$fp
    fnan2.o(.text) refers (Special) to usenofp.o(x$fpl$usenofp) for __I$use$fp
    fnan2.o(.text) refers to retnan.o(.text) for __fpl_return_NaN
    sys_stackheap_outer.o(.text) refers to libspace.o(.text) for __user_perproc_libspace
    sys_stackheap_outer.o(.text) refers to startup_mkl25z4.o(.text) for __user_initial_stackheap
    sys_stackheap_outer.o(__vectab_stack_and_reset_area) refers to tempstk.o(.text) for __temporary_stack_top
    sys_stackheap_outer.o(__vectab_stack_and_reset_area) refers to __main.o(!!!main) for __main
    rt_locale.o(.text) refers to rt_locale.o(.bss) for __rt_locale_data
    rt_locale_intlibspace.o(.text) refers to libspace.o(.bss) for __libspace_start
    lc_ctype_c.o(locale$$data) refers (Special) to libinit2.o(.ARM.Collect$$libinit$$00000012) for __rt_lib_init_lc_ctype_2
    lc_ctype_c.o(locale$$code) refers (Special) to libinit2.o(.ARM.Collect$$libinit$$00000012) for __rt_lib_init_lc_ctype_2
    lc_ctype_c.o(locale$$code) refers to strcmp.o(.text) for strcmp
    lc_ctype_c.o(locale$$code) refers to lc_ctype_c.o(locale$$data) for __lcctype_c_name
    exit.o(.text) refers to rtexit.o(.ARM.Collect$$rtexit$$00000000) for __rt_exit
    defsig_fpe_outer.o(.text) refers to defsig_fpe_inner.o(.text) for __rt_SIGFPE_inner
    defsig_fpe_outer.o(.text) refers to defsig_exit.o(.text) for __sig_exit
    defsig_fpe_formal.o(.text) refers to rt_raise.o(.text) for __rt_raise
    libinit.o(.ARM.Collect$$libinit$$00000000) refers (Special) to libinit2.o(.ARM.Collect$$libinit$$0000002E) for __rt_lib_init_alloca_1
    libinit.o(.ARM.Collect$$libinit$$00000000) refers (Special) to libinit2.o(.ARM.Collect$$libinit$$0000002C) for __rt_lib_init_argv_1
    libinit.o(.ARM.Collect$$libinit$$00000000) refers (Special) to libinit2.o(.ARM.Collect$$libinit$$0000001B) for __rt_lib_init_atexit_1
    libinit.o(.ARM.Collect$$libinit$$00000000) refers (Special) to libinit2.o(.ARM.Collect$$libinit$$00000021) for __rt_lib_init_clock_1
    libinit.o(.ARM.Collect$$libinit$$00000000) refers (Special) to libinit2.o(.ARM.Collect$$libinit$$00000032) for __rt_lib_init_cpp_1
    libinit.o(.ARM.Collect$$libinit$$00000000) refers (Special) to libinit2.o(.ARM.Collect$$libinit$$00000030) for __rt_lib_init_exceptions_1
    libinit.o(.ARM.Collect$$libinit$$00000000) refers (Special) to libinit2.o(.ARM.Collect$$libinit$$00000002) for __rt_lib_init_fp_1
    libinit.o(.ARM.Collect$$libinit$$00000000) refers (Special) to libinit2.o(.ARM.Collect$$libinit$$0000001F) for __rt_lib_init_fp_trap_1
    libinit.o(.ARM.Collect$$libinit$$00000000) refers (Special) to libinit2.o(.ARM.Collect$$libinit$$00000023) for __rt_lib_init_getenv_1
    libinit.o(.ARM.Collect$$libinit$$00000000) refers (Special) to libinit2.o(.ARM.Collect$$libinit$$0000000A) for __rt_lib_init_heap_1
    libinit.o(.ARM.Collect$$libinit$$00000000) refers (Special) to libinit2.o(.ARM.Collect$$libinit$$00000011) for __rt_lib_init_lc_collate_1
    libinit.o(.ARM.Collect$$libinit$$00000000) refers (Special) to libinit2.o(.ARM.Collect$$libinit$$00000013) for __rt_lib_init_lc_ctype_1
    libinit.o(.ARM.Collect$$libinit$$00000000) refers (Special) to libinit2.o(.ARM.Collect$$libinit$$00000015) for __rt_lib_init_lc_monetary_1
    libinit.o(.ARM.Collect$$libinit$$00000000) refers (Special) to libinit2.o(.ARM.Collect$$libinit$$00000017) for __rt_lib_init_lc_numeric_1
    libinit.o(.ARM.Collect$$libinit$$00000000) refers (Special) to libinit2.o(.ARM.Collect$$libinit$$00000019) for __rt_lib_init_lc_time_1
    libinit.o(.ARM.Collect$$libinit$$00000000) refers (Special) to libinit2.o(.ARM.Collect$$libinit$$00000004) for __rt_lib_init_preinit_1
    libinit.o(.ARM.Collect$$libinit$$00000000) refers (Special) to libinit2.o(.ARM.Collect$$libinit$$0000000E) for __rt_lib_init_rand_1
    libinit.o(.ARM.Collect$$libinit$$00000000) refers (Special) to libinit2.o(.ARM.Collect$$libinit$$00000033) for __rt_lib_init_return
    libinit.o(.ARM.Collect$$libinit$$00000000) refers (Special) to libinit2.o(.ARM.Collect$$libinit$$0000001D) for __rt_lib_init_signal_1
    libinit.o(.ARM.Collect$$libinit$$00000000) refers (Special) to libinit2.o(.ARM.Collect$$libinit$$00000025) for __rt_lib_init_stdio_1
    libinit.o(.ARM.Collect$$libinit$$00000000) refers (Special) to libinit2.o(.ARM.Collect$$libinit$$0000000C) for __rt_lib_init_user_alloc_1
    retnan.o(.text) refers (Special) to usenofp.o(x$fpl$usenofp) for __I$use$fp
    retnan.o(.text) refers to cmpret.o(.text) for __fpl_cmpreturn
    rtexit.o(.ARM.Collect$$rtexit$$00000000) refers (Special) to rtexit2.o(.ARM.Collect$$rtexit$$00000004) for __rt_exit_exit
    rtexit.o(.ARM.Collect$$rtexit$$00000000) refers (Special) to rtexit2.o(.ARM.Collect$$rtexit$$00000003) for __rt_exit_ls
    rtexit.o(.ARM.Collect$$rtexit$$00000000) refers (Special) to rtexit2.o(.ARM.Collect$$rtexit$$00000002) for __rt_exit_prels_1
    rtexit.o(.ARM.exidx) refers (Special) to rtexit2.o(.ARM.Collect$$rtexit$$00000004) for __rt_exit_exit
    rtexit.o(.ARM.exidx) refers (Special) to rtexit2.o(.ARM.Collect$$rtexit$$00000003) for __rt_exit_ls
    rtexit.o(.ARM.exidx) refers (Special) to rtexit2.o(.ARM.Collect$$rtexit$$00000002) for __rt_exit_prels_1
    rtexit.o(.ARM.exidx) refers to rtexit.o(.ARM.Collect$$rtexit$$00000000) for .ARM.Collect$$rtexit$$00000000
    rt_raise.o(.text) refers to __raise.o(.text) for __raise
    rt_raise.o(.text) refers to sys_exit.o(.text) for _sys_exit
    defsig_exit.o(.text) refers to sys_exit.o(.text) for _sys_exit
    defsig_fpe_inner.o(.text) refers to defsig_general.o(.text) for __default_signal_display
    libinit2.o(.ARM.Collect$$libinit$$0000000F) refers (Weak) to rt_locale_intlibspace.o(.text) for __rt_locale
    libinit2.o(.ARM.Collect$$libinit$$00000010) refers to libinit2.o(.ARM.Collect$$libinit$$0000000F) for .ARM.Collect$$libinit$$0000000F
    libinit2.o(.ARM.Collect$$libinit$$00000012) refers to libinit2.o(.ARM.Collect$$libinit$$0000000F) for .ARM.Collect$$libinit$$0000000F
    libinit2.o(.ARM.Collect$$libinit$$00000012) refers (Weak) to lc_ctype_c.o(locale$$code) for _get_lc_ctype
    libinit2.o(.ARM.Collect$$libinit$$00000014) refers to libinit2.o(.ARM.Collect$$libinit$$0000000F) for .ARM.Collect$$libinit$$0000000F
    libinit2.o(.ARM.Collect$$libinit$$00000016) refers to libinit2.o(.ARM.Collect$$libinit$$0000000F) for .ARM.Collect$$libinit$$0000000F
    libinit2.o(.ARM.Collect$$libinit$$00000018) refers to libinit2.o(.ARM.Collect$$libinit$$0000000F) for .ARM.Collect$$libinit$$0000000F
    libinit2.o(.ARM.Collect$$libinit$$00000026) refers to argv_veneer.o(.text) for __ARM_argv_veneer
    libinit2.o(.ARM.Collect$$libinit$$00000027) refers to argv_veneer.o(.text) for __ARM_argv_veneer
    sys_exit.o(.text) refers (Special) to use_no_semi.o(.text) for __I$use$semihosting
    sys_exit.o(.text) refers (Special) to indicate_semi.o(.text) for __semihosting_library_function
    rtexit2.o(.ARM.Collect$$rtexit$$00000003) refers to libshutdown.o(.ARM.Collect$$libshutdown$$00000000) for __rt_lib_shutdown
    rtexit2.o(.ARM.Collect$$rtexit$$00000004) refers to sys_exit.o(.text) for _sys_exit
    rtexit2.o(.ARM.exidx) refers to rtexit2.o(.ARM.Collect$$rtexit$$00000001) for .ARM.Collect$$rtexit$$00000001
    rtexit2.o(.ARM.exidx) refers to rtexit2.o(.ARM.Collect$$rtexit$$00000003) for .ARM.Collect$$rtexit$$00000003
    rtexit2.o(.ARM.exidx) refers to rtexit2.o(.ARM.Collect$$rtexit$$00000004) for .ARM.Collect$$rtexit$$00000004
    __raise.o(.text) refers to defsig.o(CL$$defsig) for __default_signal_handler
    defsig_general.o(.text) refers to sys_wrch.o(.text) for _ttywrch
    sys_wrch.o(.text) refers (Special) to use_no_semi.o(.text) for __I$use$semihosting
    sys_wrch.o(.text) refers (Special) to indicate_semi.o(.text) for __semihosting_library_function
    defsig.o(CL$$defsig) refers to defsig_fpe_inner.o(.text) for __rt_SIGFPE_inner
    defsig.o(CL$$defsig) refers to defsig_rtmem_inner.o(.text) for __rt_SIGRTMEM_inner
    _get_argv_nomalloc.o(.text) refers (Special) to hrguard.o(.text) for __heap_region$guard
    _get_argv_nomalloc.o(.text) refers to defsig_rtmem_outer.o(.text) for __rt_SIGRTMEM
    _get_argv_nomalloc.o(.text) refers to sys_command.o(.text) for _sys_command_string
    libshutdown.o(.ARM.Collect$$libshutdown$$00000000) refers (Special) to libshutdown2.o(.ARM.Collect$$libshutdown$$00000004) for __rt_lib_shutdown_cpp_1
    libshutdown.o(.ARM.Collect$$libshutdown$$00000000) refers (Special) to libshutdown2.o(.ARM.Collect$$libshutdown$$00000002) for __rt_lib_shutdown_fini_1
    libshutdown.o(.ARM.Collect$$libshutdown$$00000000) refers (Special) to libshutdown2.o(.ARM.Collect$$libshutdown$$00000009) for __rt_lib_shutdown_fp_trap_1
    libshutdown.o(.ARM.Collect$$libshutdown$$00000000) refers (Special) to libshutdown2.o(.ARM.Collect$$libshutdown$$00000011) for __rt_lib_shutdown_heap_1
    libshutdown.o(.ARM.Collect$$libshutdown$$00000000) refers (Special) to libshutdown2.o(.ARM.Collect$$libshutdown$$00000012) for __rt_lib_shutdown_return
    libshutdown.o(.ARM.Collect$$libshutdown$$00000000) refers (Special) to libshutdown2.o(.ARM.Collect$$libshutdown$$0000000C) for __rt_lib_shutdown_signal_1
    libshutdown.o(.ARM.Collect$$libshutdown$$00000000) refers (Special) to libshutdown2.o(.ARM.Collect$$libshutdown$$00000006) for __rt_lib_shutdown_stdio_1
    libshutdown.o(.ARM.Collect$$libshutdown$$00000000) refers (Special) to libshutdown2.o(.ARM.Collect$$libshutdown$$0000000E) for __rt_lib_shutdown_user_alloc_1
    sys_command.o(.text) refers (Special) to use_no_semi.o(.text) for __I$use$semihosting
    sys_command.o(.text) refers (Special) to indicate_semi.o(.text) for __semihosting_library_function
    defsig_abrt_inner.o(.text) refers to defsig_general.o(.text) for __default_signal_display
    defsig_rtred_inner.o(.text) refers to defsig_general.o(.text) for __default_signal_display
    defsig_rtmem_inner.o(.text) refers to defsig_general.o(.text) for __default_signal_display
    defsig_rtmem_outer.o(.text) refers to defsig_rtmem_inner.o(.text) for __rt_SIGRTMEM_inner
    defsig_rtmem_outer.o(.text) refers to defsig_exit.o(.text) for __sig_exit
    defsig_rtmem_formal.o(.text) refers to rt_raise.o(.text) for __rt_raise
    defsig_stak_inner.o(.text) refers to defsig_general.o(.text) for __default_signal_display
    defsig_pvfn_inner.o(.text) refers to defsig_general.o(.text) for __default_signal_display
    defsig_cppl_inner.o(.text) refers to defsig_general.o(.text) for __default_signal_display
    defsig_segv_inner.o(.text) refers to defsig_general.o(.text) for __default_signal_display
    defsig_other.o(.text) refers to defsig_general.o(.text) for __default_signal_display


==============================================================================

Removing Unused input sections from the image.

    Removing part2.o(.rev16_text), (4 bytes).
    Removing part2.o(.revsh_text), (4 bytes).
    Removing system_mkl25z4.o(.rev16_text), (4 bytes).
    Removing system_mkl25z4.o(.revsh_text), (4 bytes).
    Removing system_mkl25z4.o(i.SystemCoreClockUpdate), (400 bytes).
    Removing system_mkl25z4.o(.data), (4 bytes).
    Removing system_mkl25z4.o(i.__ARM_common_switch8), (28 bytes).

7 unused section(s) (total 448 bytes) removed from the image.

==============================================================================

Image Symbol Table

    Local Symbols

    Symbol Name                              Value     Ov Type        Size  Object(Section)

    RESET                                    0x00000000   Section      192  startup_mkl25z4.o(RESET)
    ../clib/angel/boardlib.s                 0x00000000   Number         0  boardshut.o ABSOLUTE
    ../clib/angel/boardlib.s                 0x00000000   Number         0  boardinit1.o ABSOLUTE
    ../clib/angel/boardlib.s                 0x00000000   Number         0  boardinit2.o ABSOLUTE
    ../clib/angel/boardlib.s                 0x00000000   Number         0  boardinit3.o ABSOLUTE
    ../clib/angel/handlers.s                 0x00000000   Number         0  __scatter_zi.o ABSOLUTE
    ../clib/angel/kernel.s                   0x00000000   Number         0  __rtentry2.o ABSOLUTE
    ../clib/angel/kernel.s                   0x00000000   Number         0  rtexit2.o ABSOLUTE
    ../clib/angel/kernel.s                   0x00000000   Number         0  rtexit.o ABSOLUTE
    ../clib/angel/kernel.s                   0x00000000   Number         0  __rtentry4.o ABSOLUTE
    ../clib/angel/kernel.s                   0x00000000   Number         0  __rtentry.o ABSOLUTE
    ../clib/angel/rt.s                       0x00000000   Number         0  aeabi_idiv0.o ABSOLUTE
    ../clib/angel/rt.s                       0x00000000   Number         0  aeabi_idiv0_sigfpe.o ABSOLUTE
    ../clib/angel/rt.s                       0x00000000   Number         0  rt_errno_addr.o ABSOLUTE
    ../clib/angel/rt.s                       0x00000000   Number         0  rt_errno_addr_intlibspace.o ABSOLUTE
    ../clib/angel/rt.s                       0x00000000   Number         0  rt_div0.o ABSOLUTE
    ../clib/angel/rt.s                       0x00000000   Number         0  rt_ctype_table.o ABSOLUTE
    ../clib/angel/rt.s                       0x00000000   Number         0  rt_raise.o ABSOLUTE
    ../clib/angel/rt.s                       0x00000000   Number         0  rt_locale_intlibspace.o ABSOLUTE
    ../clib/angel/rt.s                       0x00000000   Number         0  rt_locale.o ABSOLUTE
    ../clib/angel/scatterp.s                 0x00000000   Number         0  __scatter.o ABSOLUTE
    ../clib/angel/startup.s                  0x00000000   Number         0  __main.o ABSOLUTE
    ../clib/angel/sys.s                      0x00000000   Number         0  tempstk.o ABSOLUTE
    ../clib/angel/sys.s                      0x00000000   Number         0  libspace.o ABSOLUTE
    ../clib/angel/sys.s                      0x00000000   Number         0  indicate_semi.o ABSOLUTE
    ../clib/angel/sys.s                      0x00000000   Number         0  use_no_semi.o ABSOLUTE
    ../clib/angel/sys.s                      0x00000000   Number         0  sys_stackheap_outer.o ABSOLUTE
    ../clib/angel/sysapp.c                   0x00000000   Number         0  sys_command.o ABSOLUTE
    ../clib/angel/sysapp.c                   0x00000000   Number         0  sys_exit.o ABSOLUTE
    ../clib/angel/sysapp.c                   0x00000000   Number         0  sys_wrch.o ABSOLUTE
    ../clib/armsys.c                         0x00000000   Number         0  _get_argv_nomalloc.o ABSOLUTE
    ../clib/armsys.c                         0x00000000   Number         0  argv_veneer.o ABSOLUTE
    ../clib/armsys.c                         0x00000000   Number         0  no_argv.o ABSOLUTE
    ../clib/division.c                       0x00000000   Number         0  rtudiv10.o ABSOLUTE
    ../clib/division.s                       0x00000000   Number         0  aeabi_sdiv.o ABSOLUTE
    ../clib/division.s                       0x00000000   Number         0  aeabi_sdiv_div0.o ABSOLUTE
    ../clib/heapalloc.c                      0x00000000   Number         0  hrguard.o ABSOLUTE
    ../clib/heapaux.c                        0x00000000   Number         0  heapauxi.o ABSOLUTE
    ../clib/libinit.s                        0x00000000   Number         0  libshutdown.o ABSOLUTE
    ../clib/libinit.s                        0x00000000   Number         0  libinit.o ABSOLUTE
    ../clib/libinit.s                        0x00000000   Number         0  libshutdown2.o ABSOLUTE
    ../clib/libinit.s                        0x00000000   Number         0  libinit2.o ABSOLUTE
    ../clib/locale.s                         0x00000000   Number         0  lc_ctype_c.o ABSOLUTE
    ../clib/misc.s                           0x00000000   Number         0  printf_stubs.o ABSOLUTE
    ../clib/printf.c                         0x00000000   Number         0  __printf_ss.o ABSOLUTE
    ../clib/printf.c                         0x00000000   Number         0  __printf_wp.o ABSOLUTE
    ../clib/printf.c                         0x00000000   Number         0  __printf_flags.o ABSOLUTE
    ../clib/printf.c                         0x00000000   Number         0  __printf_nopercent.o ABSOLUTE
    ../clib/printf.c                         0x00000000   Number         0  __printf_flags_ss.o ABSOLUTE
    ../clib/printf.c                         0x00000000   Number         0  _printf_dec.o ABSOLUTE
    ../clib/printf.c                         0x00000000   Number         0  __2sprintf.o ABSOLUTE
    ../clib/printf.c                         0x00000000   Number         0  noretval__2sprintf.o ABSOLUTE
    ../clib/printf.c                         0x00000000   Number         0  _sputc.o ABSOLUTE
    ../clib/printf.c                         0x00000000   Number         0  __printf.o ABSOLUTE
    ../clib/printf.c                         0x00000000   Number         0  __printf_flags_wp.o ABSOLUTE
    ../clib/printf.c                         0x00000000   Number         0  __printf_flags_ss_wp.o ABSOLUTE
    ../clib/printf.c                         0x00000000   Number         0  _printf_char_common.o ABSOLUTE
    ../clib/printf.c                         0x00000000   Number         0  _printf_intcommon.o ABSOLUTE
    ../clib/printf.c                         0x00000000   Number         0  __printf_ss_wp.o ABSOLUTE
    ../clib/printf.c                         0x00000000   Number         0  _printf_pad.o ABSOLUTE
    ../clib/printf_percent.s                 0x00000000   Number         0  _printf_percent.o ABSOLUTE
    ../clib/printf_percent.s                 0x00000000   Number         0  _printf_percent_end.o ABSOLUTE
    ../clib/printf_percent.s                 0x00000000   Number         0  _printf_i.o ABSOLUTE
    ../clib/printf_percent.s                 0x00000000   Number         0  _printf_d.o ABSOLUTE
    ../clib/scanf.c                          0x00000000   Number         0  atoi.o ABSOLUTE
    ../clib/scanf.c                          0x00000000   Number         0  _strtoul.o ABSOLUTE
    ../clib/scanf.c                          0x00000000   Number         0  strtol.o ABSOLUTE
    ../clib/scanf.c                          0x00000000   Number         0  _chval.o ABSOLUTE
    ../clib/signal.c                         0x00000000   Number         0  defsig_rtmem_inner.o ABSOLUTE
    ../clib/signal.c                         0x00000000   Number         0  defsig_abrt_inner.o ABSOLUTE
    ../clib/signal.c                         0x00000000   Number         0  defsig_fpe_formal.o ABSOLUTE
    ../clib/signal.c                         0x00000000   Number         0  defsig_rtmem_outer.o ABSOLUTE
    ../clib/signal.c                         0x00000000   Number         0  defsig_exit.o ABSOLUTE
    ../clib/signal.c                         0x00000000   Number         0  defsig_fpe_inner.o ABSOLUTE
    ../clib/signal.c                         0x00000000   Number         0  defsig_rtmem_formal.o ABSOLUTE
    ../clib/signal.c                         0x00000000   Number         0  defsig_stak_inner.o ABSOLUTE
    ../clib/signal.c                         0x00000000   Number         0  defsig_pvfn_inner.o ABSOLUTE
    ../clib/signal.c                         0x00000000   Number         0  defsig_cppl_inner.o ABSOLUTE
    ../clib/signal.c                         0x00000000   Number         0  defsig_segv_inner.o ABSOLUTE
    ../clib/signal.c                         0x00000000   Number         0  defsig_other.o ABSOLUTE
    ../clib/signal.c                         0x00000000   Number         0  defsig_fpe_outer.o ABSOLUTE
    ../clib/signal.c                         0x00000000   Number         0  defsig_general.o ABSOLUTE
    ../clib/signal.c                         0x00000000   Number         0  __raise.o ABSOLUTE
    ../clib/signal.c                         0x00000000   Number         0  defsig_rtred_inner.o ABSOLUTE
    ../clib/signal.s                         0x00000000   Number         0  defsig.o ABSOLUTE
    ../clib/stdlib.c                         0x00000000   Number         0  exit.o ABSOLUTE
    ../clib/string.c                         0x00000000   Number         0  strcmp.o ABSOLUTE
    ../clib/string.c                         0x00000000   Number         0  strlen.o ABSOLUTE
    ../fplib/cfplib/cmpret.c                 0x00000000   Number         0  cmpret.o ABSOLUTE
    ../fplib/cfplib/d2f.c                    0x00000000   Number         0  d2f.o ABSOLUTE
    ../fplib/cfplib/ddiv.c                   0x00000000   Number         0  ddiv.o ABSOLUTE
    ../fplib/cfplib/dmul.c                   0x00000000   Number         0  dmul.o ABSOLUTE
    ../fplib/cfplib/f2d.c                    0x00000000   Number         0  f2d.o ABSOLUTE
    ../fplib/cfplib/fcmpin.c                 0x00000000   Number         0  fcmpin.o ABSOLUTE
    ../fplib/cfplib/fflt.c                   0x00000000   Number         0  dflti.o ABSOLUTE
    ../fplib/cfplib/fflt.c                   0x00000000   Number         0  fflti.o ABSOLUTE
    ../fplib/cfplib/fpinit.c                 0x00000000   Number         0  fpinit.o ABSOLUTE
    ../fplib/cfplib/nan2.c                   0x00000000   Number         0  fnan2.o ABSOLUTE
    ../fplib/cfplib/retnan.c                 0x00000000   Number         0  retnan.o ABSOLUTE
    ../fplib/faddsub6m.s                     0x00000000   Number         0  faddsub.o ABSOLUTE
    ../fplib/frleqf6m.s                      0x00000000   Number         0  frlef.o ABSOLUTE
    ../fplib/usenofp.s                       0x00000000   Number         0  usenofp.o ABSOLUTE
    RTE\Device\MKL25Z128xxx4\startup_MKL25Z4.s 0x00000000   Number         0  startup_mkl25z4.o ABSOLUTE
    RTE\Device\MKL25Z128xxx4\system_MKL25Z4.c 0x00000000   Number         0  system_mkl25z4.o ABSOLUTE
    RTE\\Device\\MKL25Z128xxx4\\system_MKL25Z4.c 0x00000000   Number         0  system_mkl25z4.o ABSOLUTE
    dc.s                                     0x00000000   Number         0  dc.o ABSOLUTE
    part2.c                                  0x00000000   Number         0  part2.o ABSOLUTE
    part2.c                                  0x00000000   Number         0  part2.o ABSOLUTE
    !!!main                                  0x000000c0   Section        8  __main.o(!!!main)
    !!!scatter                               0x000000c8   Section       60  __scatter.o(!!!scatter)
    !!handler_zi                             0x00000104   Section       28  __scatter_zi.o(!!handler_zi)
    .ARM.Collect$$_printf_percent$$00000000  0x00000120   Section        2  _printf_percent.o(.ARM.Collect$$_printf_percent$$00000000)
    .ARM.Collect$$_printf_percent$$00000008  0x00000122   Section       10  _printf_i.o(.ARM.Collect$$_printf_percent$$00000008)
    .ARM.Collect$$_printf_percent$$00000009  0x0000012c   Section       10  _printf_d.o(.ARM.Collect$$_printf_percent$$00000009)
    .ARM.Collect$$_printf_percent$$00000017  0x00000136   Section        4  _printf_percent_end.o(.ARM.Collect$$_printf_percent$$00000017)
    .ARM.Collect$$libinit$$00000000          0x0000013a   Section        2  libinit.o(.ARM.Collect$$libinit$$00000000)
    .ARM.Collect$$libinit$$00000002          0x0000013c   Section        0  libinit2.o(.ARM.Collect$$libinit$$00000002)
    .ARM.Collect$$libinit$$00000004          0x0000013c   Section        0  libinit2.o(.ARM.Collect$$libinit$$00000004)
    .ARM.Collect$$libinit$$0000000A          0x0000013c   Section        0  libinit2.o(.ARM.Collect$$libinit$$0000000A)
    .ARM.Collect$$libinit$$0000000C          0x0000013c   Section        0  libinit2.o(.ARM.Collect$$libinit$$0000000C)
    .ARM.Collect$$libinit$$0000000E          0x0000013c   Section        0  libinit2.o(.ARM.Collect$$libinit$$0000000E)
    .ARM.Collect$$libinit$$0000000F          0x0000013c   Section        6  libinit2.o(.ARM.Collect$$libinit$$0000000F)
    .ARM.Collect$$libinit$$00000011          0x00000142   Section        0  libinit2.o(.ARM.Collect$$libinit$$00000011)
    .ARM.Collect$$libinit$$00000012          0x00000142   Section       12  libinit2.o(.ARM.Collect$$libinit$$00000012)
    .ARM.Collect$$libinit$$00000013          0x0000014e   Section        0  libinit2.o(.ARM.Collect$$libinit$$00000013)
    .ARM.Collect$$libinit$$00000015          0x0000014e   Section        0  libinit2.o(.ARM.Collect$$libinit$$00000015)
    .ARM.Collect$$libinit$$00000017          0x0000014e   Section        0  libinit2.o(.ARM.Collect$$libinit$$00000017)
    .ARM.Collect$$libinit$$00000019          0x0000014e   Section        0  libinit2.o(.ARM.Collect$$libinit$$00000019)
    .ARM.Collect$$libinit$$0000001B          0x0000014e   Section        0  libinit2.o(.ARM.Collect$$libinit$$0000001B)
    .ARM.Collect$$libinit$$0000001D          0x0000014e   Section        0  libinit2.o(.ARM.Collect$$libinit$$0000001D)
    .ARM.Collect$$libinit$$0000001F          0x0000014e   Section        0  libinit2.o(.ARM.Collect$$libinit$$0000001F)
    .ARM.Collect$$libinit$$00000021          0x0000014e   Section        0  libinit2.o(.ARM.Collect$$libinit$$00000021)
    .ARM.Collect$$libinit$$00000023          0x0000014e   Section        0  libinit2.o(.ARM.Collect$$libinit$$00000023)
    .ARM.Collect$$libinit$$00000025          0x0000014e   Section        0  libinit2.o(.ARM.Collect$$libinit$$00000025)
    .ARM.Collect$$libinit$$0000002C          0x0000014e   Section        0  libinit2.o(.ARM.Collect$$libinit$$0000002C)
    .ARM.Collect$$libinit$$0000002E          0x0000014e   Section        0  libinit2.o(.ARM.Collect$$libinit$$0000002E)
    .ARM.Collect$$libinit$$00000030          0x0000014e   Section        0  libinit2.o(.ARM.Collect$$libinit$$00000030)
    .ARM.Collect$$libinit$$00000032          0x0000014e   Section        0  libinit2.o(.ARM.Collect$$libinit$$00000032)
    .ARM.Collect$$libinit$$00000033          0x0000014e   Section        2  libinit2.o(.ARM.Collect$$libinit$$00000033)
    .ARM.Collect$$libshutdown$$00000000      0x00000150   Section        2  libshutdown.o(.ARM.Collect$$libshutdown$$00000000)
    .ARM.Collect$$libshutdown$$00000002      0x00000152   Section        0  libshutdown2.o(.ARM.Collect$$libshutdown$$00000002)
    .ARM.Collect$$libshutdown$$00000004      0x00000152   Section        0  libshutdown2.o(.ARM.Collect$$libshutdown$$00000004)
    .ARM.Collect$$libshutdown$$00000006      0x00000152   Section        0  libshutdown2.o(.ARM.Collect$$libshutdown$$00000006)
    .ARM.Collect$$libshutdown$$00000009      0x00000152   Section        0  libshutdown2.o(.ARM.Collect$$libshutdown$$00000009)
    .ARM.Collect$$libshutdown$$0000000C      0x00000152   Section        0  libshutdown2.o(.ARM.Collect$$libshutdown$$0000000C)
    .ARM.Collect$$libshutdown$$0000000E      0x00000152   Section        0  libshutdown2.o(.ARM.Collect$$libshutdown$$0000000E)
    .ARM.Collect$$libshutdown$$00000011      0x00000152   Section        0  libshutdown2.o(.ARM.Collect$$libshutdown$$00000011)
    .ARM.Collect$$libshutdown$$00000012      0x00000152   Section        2  libshutdown2.o(.ARM.Collect$$libshutdown$$00000012)
    .ARM.Collect$$rtentry$$00000000          0x00000154   Section        0  __rtentry.o(.ARM.Collect$$rtentry$$00000000)
    .ARM.Collect$$rtentry$$00000002          0x00000154   Section        0  __rtentry2.o(.ARM.Collect$$rtentry$$00000002)
    .ARM.Collect$$rtentry$$00000004          0x00000154   Section        6  __rtentry4.o(.ARM.Collect$$rtentry$$00000004)
    .ARM.Collect$$rtentry$$00000009          0x0000015a   Section        0  __rtentry2.o(.ARM.Collect$$rtentry$$00000009)
    .ARM.Collect$$rtentry$$0000000A          0x0000015a   Section        4  __rtentry2.o(.ARM.Collect$$rtentry$$0000000A)
    .ARM.Collect$$rtentry$$0000000C          0x0000015e   Section        0  __rtentry2.o(.ARM.Collect$$rtentry$$0000000C)
    .ARM.Collect$$rtentry$$0000000D          0x0000015e   Section        8  __rtentry2.o(.ARM.Collect$$rtentry$$0000000D)
    .ARM.Collect$$rtexit$$00000000           0x00000166   Section        2  rtexit.o(.ARM.Collect$$rtexit$$00000000)
    .ARM.Collect$$rtexit$$00000002           0x00000168   Section        0  rtexit2.o(.ARM.Collect$$rtexit$$00000002)
    .ARM.Collect$$rtexit$$00000003           0x00000168   Section        4  rtexit2.o(.ARM.Collect$$rtexit$$00000003)
    .ARM.Collect$$rtexit$$00000004           0x0000016c   Section        6  rtexit2.o(.ARM.Collect$$rtexit$$00000004)
    .text                                    0x00000174   Section       64  startup_mkl25z4.o(.text)
    .text                                    0x000001b4   Section        0  noretval__2sprintf.o(.text)
    .text                                    0x000001dc   Section        0  _printf_pad.o(.text)
    .text                                    0x0000022c   Section        0  _printf_dec.o(.text)
    .text                                    0x00000298   Section        0  __printf_wp.o(.text)
    .text                                    0x000003a6   Section        0  atoi.o(.text)
    .text                                    0x000003c0   Section        0  heapauxi.o(.text)
    .text                                    0x000003c8   Section        8  rt_errno_addr_intlibspace.o(.text)
    .text                                    0x000003d0   Section        0  _printf_char_common.o(.text)
    _printf_input_char                       0x000003d1   Thumb Code    10  _printf_char_common.o(.text)
    .ARM.__at_0x400                          0x00000400   Section       16  startup_mkl25z4.o(.ARM.__at_0x400)
    .text                                    0x00000410   Section        0  strlen.o(.text)
    .text                                    0x00000454   Section        0  d2f.o(.text)
    .text                                    0x000004d0   Section        0  ddiv.o(.text)
    .text                                    0x00000918   Section        0  dflti.o(.text)
    .text                                    0x00000970   Section        0  dmul.o(.text)
    .text                                    0x00000bb8   Section        0  f2d.o(.text)
    .text                                    0x00000c0c   Section        0  fflti.o(.text)
    .text                                    0x00000c6a   Section        0  _printf_intcommon.o(.text)
    .text                                    0x00000d1a   Section        0  _sputc.o(.text)
    .text                                    0x00000d24   Section        0  strtol.o(.text)
    .text                                    0x00000d94   Section        0  rtudiv10.o(.text)
    .text                                    0x00000dbc   Section        0  fcmpin.o(.text)
    .text                                    0x00000e20   Section        8  libspace.o(.text)
    .text                                    0x00000e28   Section       16  rt_ctype_table.o(.text)
    .text                                    0x00000e38   Section        0  _strtoul.o(.text)
    .text                                    0x00000ede   Section        0  cmpret.o(.text)
    .text                                    0x00000f0c   Section        0  fnan2.o(.text)
    .text                                    0x00000f1c   Section       62  sys_stackheap_outer.o(.text)
    .text                                    0x00000f5c   Section        8  rt_locale_intlibspace.o(.text)
    .text                                    0x00000f64   Section        0  _chval.o(.text)
    .text                                    0x00000f82   Section        0  exit.o(.text)
    .text                                    0x00000f92   Section        0  retnan.o(.text)
    .text                                    0x00000ff0   Section        0  strcmp.o(.text)
    .text                                    0x00001078   Section        0  sys_exit.o(.text)
    .text                                    0x00001084   Section        2  use_no_semi.o(.text)
    .text                                    0x00001086   Section        0  indicate_semi.o(.text)
    i.ADC_INIT                               0x00001088   Section        0  part2.o(i.ADC_INIT)
    i.LCD_command                            0x000010c4   Section        0  part2.o(i.LCD_command)
    i.LCD_data                               0x000010f2   Section        0  part2.o(i.LCD_data)
    i.LCD_init                               0x00001114   Section        0  part2.o(i.LCD_init)
    i.LCD_nibble_write                       0x00001180   Section        0  part2.o(i.LCD_nibble_write)
    i.PORTA_IRQHandler                       0x000011c4   Section        0  part2.o(i.PORTA_IRQHandler)
    i.SystemInit                             0x000011d8   Section        0  system_mkl25z4.o(i.SystemInit)
    i._is_digit                              0x000011e4   Section        0  __printf_wp.o(i._is_digit)
    i.append                                 0x000011f2   Section        0  part2.o(i.append)
    i.clocksInit                             0x0000120c   Section        0  part2.o(i.clocksInit)
    i.delayMs                                0x0000123c   Section        0  part2.o(i.delayMs)
    i.delayOneSec                            0x00001258   Section        0  part2.o(i.delayOneSec)
    i.delayUs                                0x0000127c   Section        0  part2.o(i.delayUs)
    i.fanInit                                0x00001298   Section        0  part2.o(i.fanInit)
    i.getNumber                              0x000012b4   Section        0  part2.o(i.getNumber)
    i.getTemperatureLecture                  0x0000130c   Section        0  part2.o(i.getTemperatureLecture)
    i.iddleMode                              0x00001364   Section        0  part2.o(i.iddleMode)
    i.iddleWrite                             0x00001384   Section        0  part2.o(i.iddleWrite)
    i.inputPinsInit                          0x000013f4   Section        0  part2.o(i.inputPinsInit)
    i.keypad_getkey                          0x0000147c   Section        0  part2.o(i.keypad_getkey)
    i.keypad_init                            0x000015c0   Section        0  part2.o(i.keypad_init)
    i.lcdReset                               0x000015f8   Section        0  part2.o(i.lcdReset)
    i.main                                   0x0000160c   Section        0  part2.o(i.main)
    i.menuTemp                               0x000016b0   Section        0  part2.o(i.menuTemp)
    i.nSecondsFan                            0x00001734   Section        0  part2.o(i.nSecondsFan)
    i.printLecture                           0x00001754   Section        0  part2.o(i.printLecture)
    i.printStuff                             0x000017d8   Section        0  part2.o(i.printStuff)
    i.printTarget                            0x000017f0   Section        0  part2.o(i.printTarget)
    i.startMeasure                           0x00001858   Section        0  part2.o(i.startMeasure)
    i.timerInit                              0x00001874   Section        0  part2.o(i.timerInit)
    i.writeKey                               0x000018c4   Section        0  part2.o(i.writeKey)
    i.writeSelectNum                         0x0000191a   Section        0  part2.o(i.writeSelectNum)
    i.writeStMeasure                         0x00001994   Section        0  part2.o(i.writeStMeasure)
    i.xSecondsDelay                          0x000019d8   Section        0  part2.o(i.xSecondsDelay)
    i.xTremCooldown                          0x000019ec   Section        0  part2.o(i.xTremCooldown)
    locale$$code                             0x00001a38   Section       44  lc_ctype_c.o(locale$$code)
    x$fpl$fadd                               0x00001a64   Section      140  faddsub.o(x$fpl$fadd)
    _fadd1                                   0x00001a71   Thumb Code     0  faddsub.o(x$fpl$fadd)
    x$fpl$frleqf                             0x00001af0   Section       88  frlef.o(x$fpl$frleqf)
    x$fpl$frsb                               0x00001b48   Section       24  faddsub.o(x$fpl$frsb)
    x$fpl$fsub                               0x00001b60   Section      208  faddsub.o(x$fpl$fsub)
    _fsub1                                   0x00001b6d   Thumb Code     0  faddsub.o(x$fpl$fsub)
    .constdata                               0x00001c30   Section      128  ddiv.o(.constdata)
    x$fpl$usenofp                            0x00001c30   Section        0  usenofp.o(x$fpl$usenofp)
    ddiv_reciptbl                            0x00001c30   Data         128  ddiv.o(.constdata)
    locale$$data                             0x00001cc0   Section      272  lc_ctype_c.o(locale$$data)
    __lcctype_c_name                         0x00001cc4   Data           2  lc_ctype_c.o(locale$$data)
    __lcctype_c_start                        0x00001ccc   Data           0  lc_ctype_c.o(locale$$data)
    __lcctype_c_end                          0x00001dd0   Data           0  lc_ctype_c.o(locale$$data)
    .bss                                     0x1ffff000   Section       96  libspace.o(.bss)
    HEAP                                     0x1ffff060   Section        0  startup_mkl25z4.o(HEAP)
    STACK                                    0x1ffff060   Section      256  startup_mkl25z4.o(STACK)
    Heap_Mem                                 0x1ffff060   Data           0  startup_mkl25z4.o(HEAP)
    Stack_Mem                                0x1ffff060   Data         256  startup_mkl25z4.o(STACK)
    __initial_sp                             0x1ffff160   Data           0  startup_mkl25z4.o(STACK)

    Global Symbols

    Symbol Name                              Value     Ov Type        Size  Object(Section)

    BuildAttributes$$THM_ISAv3M$S$PE$A:L22$X:L11$S22$IEEE1$IW$USESV6$~STKCKD$USESV7$~SHL$OSPACE$ROPI$EBA8$UX$STANDARDLIB$REQ8$PRES8$EABIv2 0x00000000   Number         0  anon$$obj.o ABSOLUTE
    __ARM_use_no_argv                        0x00000000   Number         0  part2.o ABSOLUTE
    __Vectors                                0x00000000   Data           4  startup_mkl25z4.o(RESET)
    _printf_flags                            0x00000000   Number         0  printf_stubs.o ABSOLUTE
    _printf_return_value                     0x00000000   Number         0  printf_stubs.o ABSOLUTE
    _printf_sizespec                         0x00000000   Number         0  printf_stubs.o ABSOLUTE
    _printf_widthprec                        0x00000000   Number         0  printf_stubs.o ABSOLUTE
    __ARM_exceptions_init                     - Undefined Weak Reference
    __alloca_initialize                       - Undefined Weak Reference
    __arm_fini_                               - Undefined Weak Reference
    __arm_preinit_                            - Undefined Weak Reference
    __cpp_initialize__aeabi_                  - Undefined Weak Reference
    __cxa_finalize                            - Undefined Weak Reference
    __sigvec_lookup                           - Undefined Weak Reference
    _atexit_init                              - Undefined Weak Reference
    _call_atexit_fns                          - Undefined Weak Reference
    _clock_init                               - Undefined Weak Reference
    _fp_trap_init                             - Undefined Weak Reference
    _fp_trap_shutdown                         - Undefined Weak Reference
    _get_lc_collate                           - Undefined Weak Reference
    _get_lc_monetary                          - Undefined Weak Reference
    _get_lc_numeric                           - Undefined Weak Reference
    _get_lc_time                              - Undefined Weak Reference
    _getenv_init                              - Undefined Weak Reference
    _handle_redirection                       - Undefined Weak Reference
    _init_alloc                               - Undefined Weak Reference
    _init_user_alloc                          - Undefined Weak Reference
    _initio                                   - Undefined Weak Reference
    _printf_truncate_signed                   - Undefined Weak Reference
    _printf_truncate_unsigned                 - Undefined Weak Reference
    _rand_init                                - Undefined Weak Reference
    _signal_finish                            - Undefined Weak Reference
    _signal_init                              - Undefined Weak Reference
    _terminate_alloc                          - Undefined Weak Reference
    _terminate_user_alloc                     - Undefined Weak Reference
    _terminateio                              - Undefined Weak Reference
    __Vectors_End                            0x000000c0   Data           0  startup_mkl25z4.o(RESET)
    __Vectors_Size                           0x000000c0   Number         0  startup_mkl25z4.o ABSOLUTE
    __main                                   0x000000c1   Thumb Code     8  __main.o(!!!main)
    __scatterload                            0x000000c9   Thumb Code     0  __scatter.o(!!!scatter)
    __scatterload_rt2                        0x000000c9   Thumb Code    52  __scatter.o(!!!scatter)
    __scatterload_rt2_thumb_only             0x000000c9   Thumb Code     0  __scatter.o(!!!scatter)
    __scatterload_null                       0x000000d9   Thumb Code     0  __scatter.o(!!!scatter)
    __scatterload_zeroinit                   0x00000105   Thumb Code    28  __scatter_zi.o(!!handler_zi)
    _printf_percent                          0x00000121   Thumb Code     0  _printf_percent.o(.ARM.Collect$$_printf_percent$$00000000)
    _printf_i                                0x00000123   Thumb Code     0  _printf_i.o(.ARM.Collect$$_printf_percent$$00000008)
    _printf_d                                0x0000012d   Thumb Code     0  _printf_d.o(.ARM.Collect$$_printf_percent$$00000009)
    _printf_percent_end                      0x00000137   Thumb Code     0  _printf_percent_end.o(.ARM.Collect$$_printf_percent$$00000017)
    __rt_lib_init                            0x0000013b   Thumb Code     0  libinit.o(.ARM.Collect$$libinit$$00000000)
    __rt_lib_init_fp_1                       0x0000013d   Thumb Code     0  libinit2.o(.ARM.Collect$$libinit$$00000002)
    __rt_lib_init_heap_1                     0x0000013d   Thumb Code     0  libinit2.o(.ARM.Collect$$libinit$$0000000A)
    __rt_lib_init_lc_common                  0x0000013d   Thumb Code     0  libinit2.o(.ARM.Collect$$libinit$$0000000F)
    __rt_lib_init_preinit_1                  0x0000013d   Thumb Code     0  libinit2.o(.ARM.Collect$$libinit$$00000004)
    __rt_lib_init_rand_1                     0x0000013d   Thumb Code     0  libinit2.o(.ARM.Collect$$libinit$$0000000E)
    __rt_lib_init_user_alloc_1               0x0000013d   Thumb Code     0  libinit2.o(.ARM.Collect$$libinit$$0000000C)
    __rt_lib_init_lc_collate_1               0x00000143   Thumb Code     0  libinit2.o(.ARM.Collect$$libinit$$00000011)
    __rt_lib_init_lc_ctype_2                 0x00000143   Thumb Code     0  libinit2.o(.ARM.Collect$$libinit$$00000012)
    __rt_lib_init_alloca_1                   0x0000014f   Thumb Code     0  libinit2.o(.ARM.Collect$$libinit$$0000002E)
    __rt_lib_init_argv_1                     0x0000014f   Thumb Code     0  libinit2.o(.ARM.Collect$$libinit$$0000002C)
    __rt_lib_init_atexit_1                   0x0000014f   Thumb Code     0  libinit2.o(.ARM.Collect$$libinit$$0000001B)
    __rt_lib_init_clock_1                    0x0000014f   Thumb Code     0  libinit2.o(.ARM.Collect$$libinit$$00000021)
    __rt_lib_init_cpp_1                      0x0000014f   Thumb Code     0  libinit2.o(.ARM.Collect$$libinit$$00000032)
    __rt_lib_init_exceptions_1               0x0000014f   Thumb Code     0  libinit2.o(.ARM.Collect$$libinit$$00000030)
    __rt_lib_init_fp_trap_1                  0x0000014f   Thumb Code     0  libinit2.o(.ARM.Collect$$libinit$$0000001F)
    __rt_lib_init_getenv_1                   0x0000014f   Thumb Code     0  libinit2.o(.ARM.Collect$$libinit$$00000023)
    __rt_lib_init_lc_ctype_1                 0x0000014f   Thumb Code     0  libinit2.o(.ARM.Collect$$libinit$$00000013)
    __rt_lib_init_lc_monetary_1              0x0000014f   Thumb Code     0  libinit2.o(.ARM.Collect$$libinit$$00000015)
    __rt_lib_init_lc_numeric_1               0x0000014f   Thumb Code     0  libinit2.o(.ARM.Collect$$libinit$$00000017)
    __rt_lib_init_lc_time_1                  0x0000014f   Thumb Code     0  libinit2.o(.ARM.Collect$$libinit$$00000019)
    __rt_lib_init_return                     0x0000014f   Thumb Code     0  libinit2.o(.ARM.Collect$$libinit$$00000033)
    __rt_lib_init_signal_1                   0x0000014f   Thumb Code     0  libinit2.o(.ARM.Collect$$libinit$$0000001D)
    __rt_lib_init_stdio_1                    0x0000014f   Thumb Code     0  libinit2.o(.ARM.Collect$$libinit$$00000025)
    __rt_lib_shutdown                        0x00000151   Thumb Code     0  libshutdown.o(.ARM.Collect$$libshutdown$$00000000)
    __rt_lib_shutdown_cpp_1                  0x00000153   Thumb Code     0  libshutdown2.o(.ARM.Collect$$libshutdown$$00000004)
    __rt_lib_shutdown_fini_1                 0x00000153   Thumb Code     0  libshutdown2.o(.ARM.Collect$$libshutdown$$00000002)
    __rt_lib_shutdown_fp_trap_1              0x00000153   Thumb Code     0  libshutdown2.o(.ARM.Collect$$libshutdown$$00000009)
    __rt_lib_shutdown_heap_1                 0x00000153   Thumb Code     0  libshutdown2.o(.ARM.Collect$$libshutdown$$00000011)
    __rt_lib_shutdown_return                 0x00000153   Thumb Code     0  libshutdown2.o(.ARM.Collect$$libshutdown$$00000012)
    __rt_lib_shutdown_signal_1               0x00000153   Thumb Code     0  libshutdown2.o(.ARM.Collect$$libshutdown$$0000000C)
    __rt_lib_shutdown_stdio_1                0x00000153   Thumb Code     0  libshutdown2.o(.ARM.Collect$$libshutdown$$00000006)
    __rt_lib_shutdown_user_alloc_1           0x00000153   Thumb Code     0  libshutdown2.o(.ARM.Collect$$libshutdown$$0000000E)
    __rt_entry                               0x00000155   Thumb Code     0  __rtentry.o(.ARM.Collect$$rtentry$$00000000)
    __rt_entry_presh_1                       0x00000155   Thumb Code     0  __rtentry2.o(.ARM.Collect$$rtentry$$00000002)
    __rt_entry_sh                            0x00000155   Thumb Code     0  __rtentry4.o(.ARM.Collect$$rtentry$$00000004)
    __rt_entry_li                            0x0000015b   Thumb Code     0  __rtentry2.o(.ARM.Collect$$rtentry$$0000000A)
    __rt_entry_postsh_1                      0x0000015b   Thumb Code     0  __rtentry2.o(.ARM.Collect$$rtentry$$00000009)
    __rt_entry_main                          0x0000015f   Thumb Code     0  __rtentry2.o(.ARM.Collect$$rtentry$$0000000D)
    __rt_entry_postli_1                      0x0000015f   Thumb Code     0  __rtentry2.o(.ARM.Collect$$rtentry$$0000000C)
    __rt_exit                                0x00000167   Thumb Code     0  rtexit.o(.ARM.Collect$$rtexit$$00000000)
    __rt_exit_ls                             0x00000169   Thumb Code     0  rtexit2.o(.ARM.Collect$$rtexit$$00000003)
    __rt_exit_prels_1                        0x00000169   Thumb Code     0  rtexit2.o(.ARM.Collect$$rtexit$$00000002)
    __rt_exit_exit                           0x0000016d   Thumb Code     0  rtexit2.o(.ARM.Collect$$rtexit$$00000004)
    Reset_Handler                            0x00000175   Thumb Code    12  startup_mkl25z4.o(.text)
    NMI_Handler                              0x00000181   Thumb Code     2  startup_mkl25z4.o(.text)
    HardFault_Handler                        0x00000183   Thumb Code     2  startup_mkl25z4.o(.text)
    SVC_Handler                              0x00000185   Thumb Code     2  startup_mkl25z4.o(.text)
    PendSV_Handler                           0x00000187   Thumb Code     2  startup_mkl25z4.o(.text)
    SysTick_Handler                          0x00000189   Thumb Code     2  startup_mkl25z4.o(.text)
    ADC0_IRQHandler                          0x0000018b   Thumb Code     0  startup_mkl25z4.o(.text)
    CMP0_IRQHandler                          0x0000018b   Thumb Code     0  startup_mkl25z4.o(.text)
    DAC0_IRQHandler                          0x0000018b   Thumb Code     0  startup_mkl25z4.o(.text)
    DMA0_IRQHandler                          0x0000018b   Thumb Code     0  startup_mkl25z4.o(.text)
    DMA1_IRQHandler                          0x0000018b   Thumb Code     0  startup_mkl25z4.o(.text)
    DMA2_IRQHandler                          0x0000018b   Thumb Code     0  startup_mkl25z4.o(.text)
    DMA3_IRQHandler                          0x0000018b   Thumb Code     0  startup_mkl25z4.o(.text)
    DefaultISR                               0x0000018b   Thumb Code     0  startup_mkl25z4.o(.text)
    FTFA_IRQHandler                          0x0000018b   Thumb Code     0  startup_mkl25z4.o(.text)
    I2C0_IRQHandler                          0x0000018b   Thumb Code     0  startup_mkl25z4.o(.text)
    I2C1_IRQHandler                          0x0000018b   Thumb Code     0  startup_mkl25z4.o(.text)
    LLWU_IRQHandler                          0x0000018b   Thumb Code     0  startup_mkl25z4.o(.text)
    LPTMR0_IRQHandler                        0x0000018b   Thumb Code     0  startup_mkl25z4.o(.text)
    LVD_LVW_IRQHandler                       0x0000018b   Thumb Code     0  startup_mkl25z4.o(.text)
    MCG_IRQHandler                           0x0000018b   Thumb Code     0  startup_mkl25z4.o(.text)
    PIT_IRQHandler                           0x0000018b   Thumb Code     0  startup_mkl25z4.o(.text)
    PORTD_IRQHandler                         0x0000018b   Thumb Code     0  startup_mkl25z4.o(.text)
    RTC_IRQHandler                           0x0000018b   Thumb Code     0  startup_mkl25z4.o(.text)
    RTC_Seconds_IRQHandler                   0x0000018b   Thumb Code     0  startup_mkl25z4.o(.text)
    Reserved20_IRQHandler                    0x0000018b   Thumb Code     0  startup_mkl25z4.o(.text)
    Reserved39_IRQHandler                    0x0000018b   Thumb Code     0  startup_mkl25z4.o(.text)
    Reserved45_IRQHandler                    0x0000018b   Thumb Code     0  startup_mkl25z4.o(.text)
    SPI0_IRQHandler                          0x0000018b   Thumb Code     0  startup_mkl25z4.o(.text)
    SPI1_IRQHandler                          0x0000018b   Thumb Code     0  startup_mkl25z4.o(.text)
    TPM0_IRQHandler                          0x0000018b   Thumb Code     0  startup_mkl25z4.o(.text)
    TPM1_IRQHandler                          0x0000018b   Thumb Code     0  startup_mkl25z4.o(.text)
    TPM2_IRQHandler                          0x0000018b   Thumb Code     0  startup_mkl25z4.o(.text)
    TSI0_IRQHandler                          0x0000018b   Thumb Code     0  startup_mkl25z4.o(.text)
    UART0_IRQHandler                         0x0000018b   Thumb Code     0  startup_mkl25z4.o(.text)
    UART1_IRQHandler                         0x0000018b   Thumb Code     0  startup_mkl25z4.o(.text)
    UART2_IRQHandler                         0x0000018b   Thumb Code     0  startup_mkl25z4.o(.text)
    USB0_IRQHandler                          0x0000018b   Thumb Code     0  startup_mkl25z4.o(.text)
    __user_initial_stackheap                 0x00000191   Thumb Code     0  startup_mkl25z4.o(.text)
    __2sprintf                               0x000001b5   Thumb Code    36  noretval__2sprintf.o(.text)
    _printf_pre_padding                      0x000001dd   Thumb Code    44  _printf_pad.o(.text)
    _printf_post_padding                     0x00000209   Thumb Code    34  _printf_pad.o(.text)
    _printf_int_dec                          0x0000022d   Thumb Code    90  _printf_dec.o(.text)
    __printf                                 0x00000299   Thumb Code   270  __printf_wp.o(.text)
    atoi                                     0x000003a7   Thumb Code    26  atoi.o(.text)
    __use_two_region_memory                  0x000003c1   Thumb Code     2  heapauxi.o(.text)
    __rt_heap_escrow$2region                 0x000003c3   Thumb Code     2  heapauxi.o(.text)
    __rt_heap_expand$2region                 0x000003c5   Thumb Code     2  heapauxi.o(.text)
    __aeabi_errno_addr                       0x000003c9   Thumb Code     8  rt_errno_addr_intlibspace.o(.text)
    __errno$intlibspace                      0x000003c9   Thumb Code     0  rt_errno_addr_intlibspace.o(.text)
    __rt_errno_addr$intlibspace              0x000003c9   Thumb Code     0  rt_errno_addr_intlibspace.o(.text)
    _printf_char_common                      0x000003db   Thumb Code    32  _printf_char_common.o(.text)
    strlen                                   0x00000411   Thumb Code    62  strlen.o(.text)
    __aeabi_d2f                              0x00000455   Thumb Code     0  d2f.o(.text)
    _d2f                                     0x00000455   Thumb Code   120  d2f.o(.text)
    __aeabi_ddiv                             0x000004d1   Thumb Code     0  ddiv.o(.text)
    _ddiv                                    0x000004d1   Thumb Code  1072  ddiv.o(.text)
    _drdiv                                   0x00000901   Thumb Code    20  ddiv.o(.text)
    __aeabi_i2d_normalise                    0x00000919   Thumb Code    66  dflti.o(.text)
    __aeabi_i2d                              0x0000095b   Thumb Code    16  dflti.o(.text)
    _dflt                                    0x0000095b   Thumb Code     0  dflti.o(.text)
    __aeabi_ui2d                             0x0000096b   Thumb Code     6  dflti.o(.text)
    _dfltu                                   0x0000096b   Thumb Code     0  dflti.o(.text)
    __aeabi_dmul                             0x00000971   Thumb Code     0  dmul.o(.text)
    _dmul                                    0x00000971   Thumb Code   558  dmul.o(.text)
    __aeabi_f2d                              0x00000bb9   Thumb Code     0  f2d.o(.text)
    _f2d                                     0x00000bb9   Thumb Code    80  f2d.o(.text)
    __aeabi_i2f_normalise                    0x00000c0d   Thumb Code    72  fflti.o(.text)
    __aeabi_i2f                              0x00000c55   Thumb Code    16  fflti.o(.text)
    _fflt                                    0x00000c55   Thumb Code     0  fflti.o(.text)
    __aeabi_ui2f                             0x00000c65   Thumb Code     6  fflti.o(.text)
    _ffltu                                   0x00000c65   Thumb Code     0  fflti.o(.text)
    _printf_int_common                       0x00000c6b   Thumb Code   176  _printf_intcommon.o(.text)
    _sputc                                   0x00000d1b   Thumb Code    10  _sputc.o(.text)
    strtol                                   0x00000d25   Thumb Code   108  strtol.o(.text)
    __rt_udiv10                              0x00000d95   Thumb Code    40  rtudiv10.o(.text)
    __fpl_fcmp_InfNaN                        0x00000dbd   Thumb Code    96  fcmpin.o(.text)
    __user_libspace                          0x00000e21   Thumb Code     8  libspace.o(.text)
    __user_perproc_libspace                  0x00000e21   Thumb Code     0  libspace.o(.text)
    __user_perthread_libspace                0x00000e21   Thumb Code     0  libspace.o(.text)
    __rt_ctype_table                         0x00000e29   Thumb Code    16  rt_ctype_table.o(.text)
    _strtoul                                 0x00000e39   Thumb Code   166  _strtoul.o(.text)
    __fpl_cmpreturn                          0x00000edf   Thumb Code    46  cmpret.o(.text)
    __fpl_fcheck_NaN2                        0x00000f0d   Thumb Code    10  fnan2.o(.text)
    __user_setup_stackheap                   0x00000f1d   Thumb Code    62  sys_stackheap_outer.o(.text)
    __rt_locale                              0x00000f5d   Thumb Code     8  rt_locale_intlibspace.o(.text)
    _chval                                   0x00000f65   Thumb Code    30  _chval.o(.text)
    exit                                     0x00000f83   Thumb Code    16  exit.o(.text)
    __fpl_return_NaN                         0x00000f93   Thumb Code    94  retnan.o(.text)
    strcmp                                   0x00000ff1   Thumb Code   132  strcmp.o(.text)
    _sys_exit                                0x00001079   Thumb Code     8  sys_exit.o(.text)
    __I$use$semihosting                      0x00001085   Thumb Code     0  use_no_semi.o(.text)
    __use_no_semihosting_swi                 0x00001085   Thumb Code     2  use_no_semi.o(.text)
    __semihosting_library_function           0x00001087   Thumb Code     0  indicate_semi.o(.text)
    ADC_INIT                                 0x00001089   Thumb Code    48  part2.o(i.ADC_INIT)
    LCD_command                              0x000010c5   Thumb Code    46  part2.o(i.LCD_command)
    LCD_data                                 0x000010f3   Thumb Code    34  part2.o(i.LCD_data)
    LCD_init                                 0x00001115   Thumb Code    98  part2.o(i.LCD_init)
    LCD_nibble_write                         0x00001181   Thumb Code    64  part2.o(i.LCD_nibble_write)
    PORTA_IRQHandler                         0x000011c5   Thumb Code    14  part2.o(i.PORTA_IRQHandler)
    SystemInit                               0x000011d9   Thumb Code     8  system_mkl25z4.o(i.SystemInit)
    _is_digit                                0x000011e5   Thumb Code    14  __printf_wp.o(i._is_digit)
    append                                   0x000011f3   Thumb Code    24  part2.o(i.append)
    clocksInit                               0x0000120d   Thumb Code    42  part2.o(i.clocksInit)
    delayMs                                  0x0000123d   Thumb Code    24  part2.o(i.delayMs)
    delayOneSec                              0x00001259   Thumb Code    28  part2.o(i.delayOneSec)
    delayUs                                  0x0000127d   Thumb Code    26  part2.o(i.delayUs)
    fanInit                                  0x00001299   Thumb Code    18  part2.o(i.fanInit)
    getNumber                                0x000012b5   Thumb Code    88  part2.o(i.getNumber)
    getTemperatureLecture                    0x0000130d   Thumb Code    74  part2.o(i.getTemperatureLecture)
    iddleMode                                0x00001365   Thumb Code    28  part2.o(i.iddleMode)
    iddleWrite                               0x00001385   Thumb Code    86  part2.o(i.iddleWrite)
    inputPinsInit                            0x000013f5   Thumb Code   124  part2.o(i.inputPinsInit)
    keypad_getkey                            0x0000147d   Thumb Code   314  part2.o(i.keypad_getkey)
    keypad_init                              0x000015c1   Thumb Code    44  part2.o(i.keypad_init)
    lcdReset                                 0x000015f9   Thumb Code    18  part2.o(i.lcdReset)
    main                                     0x0000160d   Thumb Code   160  part2.o(i.main)
    menuTemp                                 0x000016b1   Thumb Code    98  part2.o(i.menuTemp)
    nSecondsFan                              0x00001735   Thumb Code    28  part2.o(i.nSecondsFan)
    printLecture                             0x00001755   Thumb Code   110  part2.o(i.printLecture)
    printStuff                               0x000017d9   Thumb Code    24  part2.o(i.printStuff)
    printTarget                              0x000017f1   Thumb Code    90  part2.o(i.printTarget)
    startMeasure                             0x00001859   Thumb Code    28  part2.o(i.startMeasure)
    timerInit                                0x00001875   Thumb Code    68  part2.o(i.timerInit)
    writeKey                                 0x000018c5   Thumb Code    86  part2.o(i.writeKey)
    writeSelectNum                           0x0000191b   Thumb Code   120  part2.o(i.writeSelectNum)
    writeStMeasure                           0x00001995   Thumb Code    52  part2.o(i.writeStMeasure)
    xSecondsDelay                            0x000019d9   Thumb Code    20  part2.o(i.xSecondsDelay)
    xTremCooldown                            0x000019ed   Thumb Code    58  part2.o(i.xTremCooldown)
    _get_lc_ctype                            0x00001a39   Thumb Code    44  lc_ctype_c.o(locale$$code)
    __aeabi_fadd                             0x00001a65   Thumb Code     0  faddsub.o(x$fpl$fadd)
    _fadd                                    0x00001a65   Thumb Code   134  faddsub.o(x$fpl$fadd)
    __aeabi_cfrcmple                         0x00001af1   Thumb Code     0  frlef.o(x$fpl$frleqf)
    _frcmple                                 0x00001af1   Thumb Code    84  frlef.o(x$fpl$frleqf)
    __aeabi_frsub                            0x00001b49   Thumb Code     0  faddsub.o(x$fpl$frsb)
    _frsb                                    0x00001b49   Thumb Code    24  faddsub.o(x$fpl$frsb)
    __aeabi_fsub                             0x00001b61   Thumb Code     0  faddsub.o(x$fpl$fsub)
    _fsub                                    0x00001b61   Thumb Code   204  faddsub.o(x$fpl$fsub)
    __I$use$fp                               0x00001c30   Number         0  usenofp.o(x$fpl$usenofp)
    Region$$Table$$Base                      0x00001cb0   Number         0  anon$$obj.o(Region$$Table)
    Region$$Table$$Limit                     0x00001cc0   Number         0  anon$$obj.o(Region$$Table)
    __ctype                                  0x00001ccd   Data           0  lc_ctype_c.o(locale$$data)
    __libspace_start                         0x1ffff000   Data          96  libspace.o(.bss)
    __temporary_stack_top$libspace           0x1ffff060   Data           0  libspace.o(.bss)



==============================================================================

Memory Map of the image

  Image Entry point : 0x00000175

  Load Region LR_1 (Base: 0x00000000, Size: 0x00001dd0, Max: 0xffffffff, ABSOLUTE)

    Execution Region ER_RO (Exec base: 0x00000000, Load base: 0x00000000, Size: 0x00001dd0, Max: 0xffffffff, ABSOLUTE)

    Exec Addr    Load Addr    Size         Type   Attr      Idx    E Section Name        Object

    0x00000000   0x00000000   0x000000c0   Data   RO          250    RESET               startup_mkl25z4.o
    0x000000c0   0x000000c0   0x00000008   Code   RO          343  * !!!main             c_p.l(__main.o)
    0x000000c8   0x000000c8   0x0000003c   Code   RO          578    !!!scatter          c_p.l(__scatter.o)
    0x00000104   0x00000104   0x0000001c   Code   RO          580    !!handler_zi        c_p.l(__scatter_zi.o)
    0x00000120   0x00000120   0x00000002   Code   RO          332    .ARM.Collect$$_printf_percent$$00000000  c_p.l(_printf_percent.o)
    0x00000122   0x00000122   0x0000000a   Code   RO          330    .ARM.Collect$$_printf_percent$$00000008  c_p.l(_printf_i.o)
    0x0000012c   0x0000012c   0x0000000a   Code   RO          331    .ARM.Collect$$_printf_percent$$00000009  c_p.l(_printf_d.o)
    0x00000136   0x00000136   0x00000004   Code   RO          382    .ARM.Collect$$_printf_percent$$00000017  c_p.l(_printf_percent_end.o)
    0x0000013a   0x0000013a   0x00000002   Code   RO          444    .ARM.Collect$$libinit$$00000000  c_p.l(libinit.o)
    0x0000013c   0x0000013c   0x00000000   Code   RO          459    .ARM.Collect$$libinit$$00000002  c_p.l(libinit2.o)
    0x0000013c   0x0000013c   0x00000000   Code   RO          461    .ARM.Collect$$libinit$$00000004  c_p.l(libinit2.o)
    0x0000013c   0x0000013c   0x00000000   Code   RO          464    .ARM.Collect$$libinit$$0000000A  c_p.l(libinit2.o)
    0x0000013c   0x0000013c   0x00000000   Code   RO          466    .ARM.Collect$$libinit$$0000000C  c_p.l(libinit2.o)
    0x0000013c   0x0000013c   0x00000000   Code   RO          468    .ARM.Collect$$libinit$$0000000E  c_p.l(libinit2.o)
    0x0000013c   0x0000013c   0x00000006   Code   RO          469    .ARM.Collect$$libinit$$0000000F  c_p.l(libinit2.o)
    0x00000142   0x00000142   0x00000000   Code   RO          471    .ARM.Collect$$libinit$$00000011  c_p.l(libinit2.o)
    0x00000142   0x00000142   0x0000000c   Code   RO          472    .ARM.Collect$$libinit$$00000012  c_p.l(libinit2.o)
    0x0000014e   0x0000014e   0x00000000   Code   RO          473    .ARM.Collect$$libinit$$00000013  c_p.l(libinit2.o)
    0x0000014e   0x0000014e   0x00000000   Code   RO          475    .ARM.Collect$$libinit$$00000015  c_p.l(libinit2.o)
    0x0000014e   0x0000014e   0x00000000   Code   RO          477    .ARM.Collect$$libinit$$00000017  c_p.l(libinit2.o)
    0x0000014e   0x0000014e   0x00000000   Code   RO          479    .ARM.Collect$$libinit$$00000019  c_p.l(libinit2.o)
    0x0000014e   0x0000014e   0x00000000   Code   RO          481    .ARM.Collect$$libinit$$0000001B  c_p.l(libinit2.o)
    0x0000014e   0x0000014e   0x00000000   Code   RO          483    .ARM.Collect$$libinit$$0000001D  c_p.l(libinit2.o)
    0x0000014e   0x0000014e   0x00000000   Code   RO          485    .ARM.Collect$$libinit$$0000001F  c_p.l(libinit2.o)
    0x0000014e   0x0000014e   0x00000000   Code   RO          487    .ARM.Collect$$libinit$$00000021  c_p.l(libinit2.o)
    0x0000014e   0x0000014e   0x00000000   Code   RO          489    .ARM.Collect$$libinit$$00000023  c_p.l(libinit2.o)
    0x0000014e   0x0000014e   0x00000000   Code   RO          491    .ARM.Collect$$libinit$$00000025  c_p.l(libinit2.o)
    0x0000014e   0x0000014e   0x00000000   Code   RO          495    .ARM.Collect$$libinit$$0000002C  c_p.l(libinit2.o)
    0x0000014e   0x0000014e   0x00000000   Code   RO          497    .ARM.Collect$$libinit$$0000002E  c_p.l(libinit2.o)
    0x0000014e   0x0000014e   0x00000000   Code   RO          499    .ARM.Collect$$libinit$$00000030  c_p.l(libinit2.o)
    0x0000014e   0x0000014e   0x00000000   Code   RO          501    .ARM.Collect$$libinit$$00000032  c_p.l(libinit2.o)
    0x0000014e   0x0000014e   0x00000002   Code   RO          502    .ARM.Collect$$libinit$$00000033  c_p.l(libinit2.o)
    0x00000150   0x00000150   0x00000002   Code   RO          533    .ARM.Collect$$libshutdown$$00000000  c_p.l(libshutdown.o)
    0x00000152   0x00000152   0x00000000   Code   RO          559    .ARM.Collect$$libshutdown$$00000002  c_p.l(libshutdown2.o)
    0x00000152   0x00000152   0x00000000   Code   RO          561    .ARM.Collect$$libshutdown$$00000004  c_p.l(libshutdown2.o)
    0x00000152   0x00000152   0x00000000   Code   RO          563    .ARM.Collect$$libshutdown$$00000006  c_p.l(libshutdown2.o)
    0x00000152   0x00000152   0x00000000   Code   RO          566    .ARM.Collect$$libshutdown$$00000009  c_p.l(libshutdown2.o)
    0x00000152   0x00000152   0x00000000   Code   RO          569    .ARM.Collect$$libshutdown$$0000000C  c_p.l(libshutdown2.o)
    0x00000152   0x00000152   0x00000000   Code   RO          571    .ARM.Collect$$libshutdown$$0000000E  c_p.l(libshutdown2.o)
    0x00000152   0x00000152   0x00000000   Code   RO          574    .ARM.Collect$$libshutdown$$00000011  c_p.l(libshutdown2.o)
    0x00000152   0x00000152   0x00000002   Code   RO          575    .ARM.Collect$$libshutdown$$00000012  c_p.l(libshutdown2.o)
    0x00000154   0x00000154   0x00000000   Code   RO          366    .ARM.Collect$$rtentry$$00000000  c_p.l(__rtentry.o)
    0x00000154   0x00000154   0x00000000   Code   RO          394    .ARM.Collect$$rtentry$$00000002  c_p.l(__rtentry2.o)
    0x00000154   0x00000154   0x00000006   Code   RO          406    .ARM.Collect$$rtentry$$00000004  c_p.l(__rtentry4.o)
    0x0000015a   0x0000015a   0x00000000   Code   RO          396    .ARM.Collect$$rtentry$$00000009  c_p.l(__rtentry2.o)
    0x0000015a   0x0000015a   0x00000004   Code   RO          397    .ARM.Collect$$rtentry$$0000000A  c_p.l(__rtentry2.o)
    0x0000015e   0x0000015e   0x00000000   Code   RO          399    .ARM.Collect$$rtentry$$0000000C  c_p.l(__rtentry2.o)
    0x0000015e   0x0000015e   0x00000008   Code   RO          400    .ARM.Collect$$rtentry$$0000000D  c_p.l(__rtentry2.o)
    0x00000166   0x00000166   0x00000002   Code   RO          448    .ARM.Collect$$rtexit$$00000000  c_p.l(rtexit.o)
    0x00000168   0x00000168   0x00000000   Code   RO          506    .ARM.Collect$$rtexit$$00000002  c_p.l(rtexit2.o)
    0x00000168   0x00000168   0x00000004   Code   RO          507    .ARM.Collect$$rtexit$$00000003  c_p.l(rtexit2.o)
    0x0000016c   0x0000016c   0x00000006   Code   RO          508    .ARM.Collect$$rtexit$$00000004  c_p.l(rtexit2.o)
    0x00000172   0x00000172   0x00000002   PAD
    0x00000174   0x00000174   0x00000040   Code   RO          252  * .text               startup_mkl25z4.o
    0x000001b4   0x000001b4   0x00000028   Code   RO          302    .text               c_p.l(noretval__2sprintf.o)
    0x000001dc   0x000001dc   0x0000004e   Code   RO          306    .text               c_p.l(_printf_pad.o)
    0x0000022a   0x0000022a   0x00000002   PAD
    0x0000022c   0x0000022c   0x0000006c   Code   RO          308    .text               c_p.l(_printf_dec.o)
    0x00000298   0x00000298   0x0000010e   Code   RO          318    .text               c_p.l(__printf_wp.o)
    0x000003a6   0x000003a6   0x0000001a   Code   RO          333    .text               c_p.l(atoi.o)
    0x000003c0   0x000003c0   0x00000006   Code   RO          341    .text               c_p.l(heapauxi.o)
    0x000003c6   0x000003c6   0x00000002   PAD
    0x000003c8   0x000003c8   0x00000008   Code   RO          374    .text               c_p.l(rt_errno_addr_intlibspace.o)
    0x000003d0   0x000003d0   0x00000030   Code   RO          378    .text               c_p.l(_printf_char_common.o)
    0x00000400   0x00000400   0x00000010   Code   RO          251    .ARM.__at_0x400     startup_mkl25z4.o
    0x00000410   0x00000410   0x00000044   Code   RO          335    .text               c_p.l(strlen.o)
    0x00000454   0x00000454   0x0000007c   Code   RO          345    .text               fz_ps.l(d2f.o)
    0x000004d0   0x000004d0   0x00000448   Code   RO          347    .text               fz_ps.l(ddiv.o)
    0x00000918   0x00000918   0x00000058   Code   RO          350    .text               fz_ps.l(dflti.o)
    0x00000970   0x00000970   0x00000248   Code   RO          352    .text               fz_ps.l(dmul.o)
    0x00000bb8   0x00000bb8   0x00000054   Code   RO          354    .text               fz_ps.l(f2d.o)
    0x00000c0c   0x00000c0c   0x0000005e   Code   RO          362    .text               fz_ps.l(fflti.o)
    0x00000c6a   0x00000c6a   0x000000b0   Code   RO          376    .text               c_p.l(_printf_intcommon.o)
    0x00000d1a   0x00000d1a   0x0000000a   Code   RO          380    .text               c_p.l(_sputc.o)
    0x00000d24   0x00000d24   0x00000070   Code   RO          383    .text               c_p.l(strtol.o)
    0x00000d94   0x00000d94   0x00000028   Code   RO          385    .text               c_p.l(rtudiv10.o)
    0x00000dbc   0x00000dbc   0x00000064   Code   RO          387    .text               fz_ps.l(fcmpin.o)
    0x00000e20   0x00000e20   0x00000008   Code   RO          390    .text               c_p.l(libspace.o)
    0x00000e28   0x00000e28   0x00000010   Code   RO          408    .text               c_p.l(rt_ctype_table.o)
    0x00000e38   0x00000e38   0x000000a6   Code   RO          414    .text               c_p.l(_strtoul.o)
    0x00000ede   0x00000ede   0x0000002e   Code   RO          416    .text               fz_ps.l(cmpret.o)
    0x00000f0c   0x00000f0c   0x00000010   Code   RO          418    .text               fz_ps.l(fnan2.o)
    0x00000f1c   0x00000f1c   0x0000003e   Code   RO          420    .text               c_p.l(sys_stackheap_outer.o)
    0x00000f5a   0x00000f5a   0x00000002   PAD
    0x00000f5c   0x00000f5c   0x00000008   Code   RO          426    .text               c_p.l(rt_locale_intlibspace.o)
    0x00000f64   0x00000f64   0x0000001e   Code   RO          428    .text               c_p.l(_chval.o)
    0x00000f82   0x00000f82   0x00000010   Code   RO          433    .text               c_p.l(exit.o)
    0x00000f92   0x00000f92   0x0000005e   Code   RO          445    .text               fz_ps.l(retnan.o)
    0x00000ff0   0x00000ff0   0x00000088   Code   RO          456    .text               c_p.l(strcmp.o)
    0x00001078   0x00001078   0x0000000c   Code   RO          503    .text               c_p.l(sys_exit.o)
    0x00001084   0x00001084   0x00000002   Code   RO          522    .text               c_p.l(use_no_semi.o)
    0x00001086   0x00001086   0x00000000   Code   RO          524    .text               c_p.l(indicate_semi.o)
    0x00001086   0x00001086   0x00000002   PAD
    0x00001088   0x00001088   0x0000003c   Code   RO            3    i.ADC_INIT          part2.o
    0x000010c4   0x000010c4   0x0000002e   Code   RO            4    i.LCD_command       part2.o
    0x000010f2   0x000010f2   0x00000022   Code   RO            5    i.LCD_data          part2.o
    0x00001114   0x00001114   0x0000006c   Code   RO            6    i.LCD_init          part2.o
    0x00001180   0x00001180   0x00000044   Code   RO            7    i.LCD_nibble_write  part2.o
    0x000011c4   0x000011c4   0x00000014   Code   RO            8    i.PORTA_IRQHandler  part2.o
    0x000011d8   0x000011d8   0x0000000c   Code   RO          261    i.SystemInit        system_mkl25z4.o
    0x000011e4   0x000011e4   0x0000000e   Code   RO          320    i._is_digit         c_p.l(__printf_wp.o)
    0x000011f2   0x000011f2   0x00000018   Code   RO            9    i.append            part2.o
    0x0000120a   0x0000120a   0x00000002   PAD
    0x0000120c   0x0000120c   0x00000030   Code   RO           10    i.clocksInit        part2.o
    0x0000123c   0x0000123c   0x0000001c   Code   RO           11    i.delayMs           part2.o
    0x00001258   0x00001258   0x00000024   Code   RO           12    i.delayOneSec       part2.o
    0x0000127c   0x0000127c   0x0000001a   Code   RO           13    i.delayUs           part2.o
    0x00001296   0x00001296   0x00000002   PAD
    0x00001298   0x00001298   0x0000001c   Code   RO           14    i.fanInit           part2.o
    0x000012b4   0x000012b4   0x00000058   Code   RO           15    i.getNumber         part2.o
    0x0000130c   0x0000130c   0x00000058   Code   RO           16    i.getTemperatureLecture  part2.o
    0x00001364   0x00001364   0x00000020   Code   RO           17    i.iddleMode         part2.o
    0x00001384   0x00001384   0x00000070   Code   RO           18    i.iddleWrite        part2.o
    0x000013f4   0x000013f4   0x00000088   Code   RO           19    i.inputPinsInit     part2.o
    0x0000147c   0x0000147c   0x00000144   Code   RO           20    i.keypad_getkey     part2.o
    0x000015c0   0x000015c0   0x00000038   Code   RO           21    i.keypad_init       part2.o
    0x000015f8   0x000015f8   0x00000012   Code   RO           22    i.lcdReset          part2.o
    0x0000160a   0x0000160a   0x00000002   PAD
    0x0000160c   0x0000160c   0x000000a4   Code   RO           23    i.main              part2.o
    0x000016b0   0x000016b0   0x00000084   Code   RO           24    i.menuTemp          part2.o
    0x00001734   0x00001734   0x00000020   Code   RO           25    i.nSecondsFan       part2.o
    0x00001754   0x00001754   0x00000084   Code   RO           26    i.printLecture      part2.o
    0x000017d8   0x000017d8   0x00000018   Code   RO           27    i.printStuff        part2.o
    0x000017f0   0x000017f0   0x00000068   Code   RO           28    i.printTarget       part2.o
    0x00001858   0x00001858   0x0000001c   Code   RO           29    i.startMeasure      part2.o
    0x00001874   0x00001874   0x00000050   Code   RO           30    i.timerInit         part2.o
    0x000018c4   0x000018c4   0x00000056   Code   RO           31    i.writeKey          part2.o
    0x0000191a   0x0000191a   0x00000078   Code   RO           32    i.writeSelectNum    part2.o
    0x00001992   0x00001992   0x00000002   PAD
    0x00001994   0x00001994   0x00000044   Code   RO           33    i.writeStMeasure    part2.o
    0x000019d8   0x000019d8   0x00000014   Code   RO           34    i.xSecondsDelay     part2.o
    0x000019ec   0x000019ec   0x0000004c   Code   RO           35    i.xTremCooldown     part2.o
    0x00001a38   0x00001a38   0x0000002c   Code   RO          431    locale$$code        c_p.l(lc_ctype_c.o)
    0x00001a64   0x00001a64   0x0000008c   Code   RO          356    x$fpl$fadd          fz_ps.l(faddsub.o)
    0x00001af0   0x00001af0   0x00000058   Code   RO          364    x$fpl$frleqf        fz_ps.l(frlef.o)
    0x00001b48   0x00001b48   0x00000018   Code   RO          357    x$fpl$frsb          fz_ps.l(faddsub.o)
    0x00001b60   0x00001b60   0x000000d0   Code   RO          358    x$fpl$fsub          fz_ps.l(faddsub.o)
    0x00001c30   0x00001c30   0x00000000   Code   RO          389    x$fpl$usenofp       fz_ps.l(usenofp.o)
    0x00001c30   0x00001c30   0x00000080   Data   RO          348    .constdata          fz_ps.l(ddiv.o)
    0x00001cb0   0x00001cb0   0x00000010   Data   RO          576    Region$$Table       anon$$obj.o
    0x00001cc0   0x00001cc0   0x00000110   Data   RO          430    locale$$data        c_p.l(lc_ctype_c.o)


    Execution Region ER_RW (Exec base: 0x1ffff000, Load base: 0x00001dd0, Size: 0x00000000, Max: 0xffffffff, ABSOLUTE)

    **** No section assigned to this execution region ****


    Execution Region ER_ZI (Exec base: 0x1ffff000, Load base: 0x00001dd0, Size: 0x00000160, Max: 0xffffffff, ABSOLUTE)

    Exec Addr    Load Addr    Size         Type   Attr      Idx    E Section Name        Object

    0x1ffff000        -       0x00000060   Zero   RW          391    .bss                c_p.l(libspace.o)
    0x1ffff060        -       0x00000000   Zero   RW          249    HEAP                startup_mkl25z4.o
    0x1ffff060        -       0x00000100   Zero   RW          248    STACK               startup_mkl25z4.o


==============================================================================

Image component sizes


      Code (inc. data)   RO Data    RW Data    ZI Data      Debug   Object Name

      2446        262          0          0          0      19095   part2.o
        80         44        192          0        256       1000   startup_mkl25z4.o
        12          4          0          0          0        501   system_mkl25z4.o

    ----------------------------------------------------------------------
      2546        310        208          0        256      20596   Object Totals
         0          0         16          0          0          0   (incl. Generated)
         8          0          0          0          0          0   (incl. Padding)

    ----------------------------------------------------------------------

      Code (inc. data)   RO Data    RW Data    ZI Data      Debug   Library Member Name

         8          0          0          0          0         68   __main.o
       284          0          0          0          0        136   __printf_wp.o
         0          0          0          0          0          0   __rtentry.o
        12          0          0          0          0          0   __rtentry2.o
         6          0          0          0          0          0   __rtentry4.o
        60          8          0          0          0          0   __scatter.o
        28          0          0          0          0          0   __scatter_zi.o
        30          0          0          0          0         60   _chval.o
        48          6          0          0          0         88   _printf_char_common.o
        10          0          0          0          0          0   _printf_d.o
       108         18          0          0          0         76   _printf_dec.o
        10          0          0          0          0          0   _printf_i.o
       176          0          0          0          0         84   _printf_intcommon.o
        78          0          0          0          0        100   _printf_pad.o
         2          0          0          0          0          0   _printf_percent.o
         4          0          0          0          0          0   _printf_percent_end.o
        10          0          0          0          0         60   _sputc.o
       166          0          0          0          0         84   _strtoul.o
        26          0          0          0          0         72   atoi.o
        16          0          0          0          0         68   exit.o
         6          0          0          0          0        136   heapauxi.o
         0          0          0          0          0          0   indicate_semi.o
        44         10        272          0          0         76   lc_ctype_c.o
         2          0          0          0          0          0   libinit.o
        20          0          0          0          0          0   libinit2.o
         2          0          0          0          0          0   libshutdown.o
         2          0          0          0          0          0   libshutdown2.o
         8          4          0          0         96         68   libspace.o
        40          4          0          0          0         84   noretval__2sprintf.o
        16          4          0          0          0         76   rt_ctype_table.o
         8          4          0          0          0         68   rt_errno_addr_intlibspace.o
         8          4          0          0          0         68   rt_locale_intlibspace.o
         2          0          0          0          0          0   rtexit.o
        10          0          0          0          0          0   rtexit2.o
        40          0          0          0          0         60   rtudiv10.o
       136          4          0          0          0         72   strcmp.o
        68          6          0          0          0         72   strlen.o
       112          4          0          0          0         76   strtol.o
        12          4          0          0          0         60   sys_exit.o
        62          0          0          0          0         80   sys_stackheap_outer.o
         2          0          0          0          0         68   use_no_semi.o
        46          0          0          0          0         60   cmpret.o
       124          4          0          0          0         72   d2f.o
      1096         26        128          0          0        112   ddiv.o
        88          0          0          0          0         92   dflti.o
       584         26          0          0          0         84   dmul.o
        84          4          0          0          0         60   f2d.o
       372          8          0          0          0        240   faddsub.o
       100          4          0          0          0         68   fcmpin.o
        94          0          0          0          0         92   fflti.o
        16          6          0          0          0         68   fnan2.o
        88          4          0          0          0         76   frlef.o
        94          0          0          0          0         68   retnan.o
         0          0          0          0          0          0   usenofp.o

    ----------------------------------------------------------------------
      4478        162        400          0         96       3052   Library Totals
        10          0          0          0          0          0   (incl. Padding)

    ----------------------------------------------------------------------

      Code (inc. data)   RO Data    RW Data    ZI Data      Debug   Library Name

      1682         80        272          0         96       1960   c_p.l
      2786         82        128          0          0       1092   fz_ps.l

    ----------------------------------------------------------------------
      4478        162        400          0         96       3052   Library Totals

    ----------------------------------------------------------------------

==============================================================================


      Code (inc. data)   RO Data    RW Data    ZI Data      Debug   

      7024        472        608          0        352      20564   Grand Totals
      7024        472        608          0        352      20564   ELF Image Totals
      7024        472        608          0          0          0   ROM Totals

==============================================================================

    Total RO  Size (Code + RO Data)                 7632 (   7.45kB)
    Total RW  Size (RW Data + ZI Data)               352 (   0.34kB)
    Total ROM Size (Code + RO Data + RW Data)       7632 (   7.45kB)

==============================================================================

